2026-07-07 11:33:15.648: [INFO] VisibilityChanged: 0
2026-07-07 11:33:15.678: [INFO] RecordSyncInitDuration has_sync_been_enabled: 0 state: 0
2026-07-07 11:33:15.680: [INFO] RecordSyncInitDuration has_sync_been_enabled: 0 state: 0
2026-07-07 11:33:15.681: [INFO] RecordSyncInitDuration has_sync_been_enabled: 0 state: 0
2026-07-07 11:33:15.682: [INFO] RecordSyncInitDuration has_sync_been_enabled: 0 state: 0
2026-07-07 11:33:15.684: [INFO] RecordSyncInitDuration has_sync_been_enabled: 0 state: 0
2026-07-07 11:33:15.686: [INFO] RecordSyncInitDuration has_sync_been_enabled: 0 state: 0
2026-07-07 11:33:15.687: [INFO] RecordSyncInitDuration has_sync_been_enabled: 0 state: 0
2026-07-07 11:33:15.688: [INFO] RecordSyncInitDuration has_sync_been_enabled: 0 state: 0
2026-07-07 11:33:15.689: [INFO] RecordSyncInitDuration has_sync_been_enabled: 0 state: 0
2026-07-07 11:33:15.690: [INFO] RecordSyncInitDuration has_sync_been_enabled: 0 state: 0
2026-07-07 11:33:15.692: [INFO] RecordSyncInitDuration has_sync_been_enabled: 0 state: 0
2026-07-07 11:33:15.723: [INFO] BookmarkModelLoaded, ids_reassigned: 0
2026-07-07 11:33:15.723: [INFO] OnDoneLoading sync enabled: 0
2026-07-07 11:33:15.728: [INFO] RecordSyncInitDuration has_sync_been_enabled: 0 state: 0
2026-07-07 11:33:20.427: [INFO] BookmarkNodeAdded, ABU: 0
2026-07-07 11:33:20.428: [INFO] BookmarkNodeAdded, ABU: 0
2026-07-07 11:33:20.429: [INFO] BookmarkNodeAdded, ABU: 0
2026-07-07 11:33:20.430: [INFO] BookmarkNodeAdded, ABU: 0
2026-07-07 11:33:20.430: [INFO] BookmarkNodeAdded, ABU: 0
2026-07-07 11:33:20.431: [INFO] BookmarkNodeAdded, ABU: 0
2026-07-07 11:33:20.432: [INFO] BookmarkNodeAdded, ABU: 0
2026-07-07 11:33:20.434: [INFO] BookmarkNodeAdded, ABU: 0
2026-07-07 11:33:20.435: [INFO] BookmarkNodeAdded, ABU: 0
2026-07-07 11:33:20.436: [INFO] BookmarkNodeAdded, ABU: 0
