2026-07-07 11:27:05.511: [INFO] VisibilityChanged: 0
2026-07-07 11:27:05.537: [INFO] RecordSyncInitDuration has_sync_been_enabled: 0 state: 0
2026-07-07 11:27:05.538: [INFO] RecordSyncInitDuration has_sync_been_enabled: 0 state: 0
2026-07-07 11:27:05.539: [INFO] RecordSyncInitDuration has_sync_been_enabled: 0 state: 0
2026-07-07 11:27:05.540: [INFO] RecordSyncInitDuration has_sync_been_enabled: 0 state: 0
2026-07-07 11:27:05.541: [INFO] RecordSyncInitDuration has_sync_been_enabled: 0 state: 0
2026-07-07 11:27:05.542: [INFO] RecordSyncInitDuration has_sync_been_enabled: 0 state: 0
2026-07-07 11:27:05.543: [INFO] RecordSyncInitDuration has_sync_been_enabled: 0 state: 0
2026-07-07 11:27:05.544: [INFO] RecordSyncInitDuration has_sync_been_enabled: 0 state: 0
2026-07-07 11:27:05.545: [INFO] RecordSyncInitDuration has_sync_been_enabled: 0 state: 0
2026-07-07 11:27:05.546: [INFO] RecordSyncInitDuration has_sync_been_enabled: 0 state: 0
2026-07-07 11:27:05.547: [INFO] RecordSyncInitDuration has_sync_been_enabled: 0 state: 0
2026-07-07 11:27:05.560: [INFO] BookmarkModelLoaded, ids_reassigned: 0
2026-07-07 11:27:05.560: [INFO] OnDoneLoading sync enabled: 0
2026-07-07 11:27:05.565: [INFO] RecordSyncInitDuration has_sync_been_enabled: 0 state: 0
2026-07-07 11:27:08.726: [INFO] BookmarkNodeAdded, ABU: 0
2026-07-07 11:27:08.727: [INFO] BookmarkNodeAdded, ABU: 0
2026-07-07 11:27:08.728: [INFO] BookmarkNodeAdded, ABU: 0
2026-07-07 11:27:08.729: [INFO] BookmarkNodeAdded, ABU: 0
2026-07-07 11:27:08.730: [INFO] BookmarkNodeAdded, ABU: 0
2026-07-07 11:27:08.731: [INFO] BookmarkNodeAdded, ABU: 0
2026-07-07 11:27:08.732: [INFO] BookmarkNodeAdded, ABU: 0
2026-07-07 11:27:08.733: [INFO] BookmarkNodeAdded, ABU: 0
2026-07-07 11:27:08.734: [INFO] BookmarkNodeAdded, ABU: 0
2026-07-07 11:27:08.735: [INFO] BookmarkNodeAdded, ABU: 0
