{
    "status":  "PASS",
    "baseUrl":  "http://127.0.0.1:18131",
    "releaseDir":  "D:\\workspace\\01_project\\snow\\cursor\\examine2\\release\\unexamine-0.0.1-SNAPSHOT",
    "checks":  [
                   {
                       "name":  "frontend config uses same-origin API",
                       "passed":  true,
                       "detail":  "window.__UNEXAMINE_API_BASE_URL__ = \u0027\u0027;"
                   },
                   {
                       "name":  "nginx proxies /api to backend 9999",
                       "passed":  true,
                       "detail":  "nginx/unexamine.conf"
                   },
                   {
                       "name":  "nginx proxies /openapi to backend 9999",
                       "passed":  true,
                       "detail":  "nginx/unexamine.conf"
                   },
                   {
                       "name":  "redis tcp reachable",
                       "passed":  true,
                       "detail":  "192.168.0.211:6379"
                   },
                   {
                       "name":  "deployed frontend matches release assets",
                       "passed":  true,
                       "detail":  "release=[/assets/index-B8OCXkGm.js, /assets/index-DzYIVez0.css], deployed=[/assets/index-B8OCXkGm.js, /assets/index-DzYIVez0.css]"
                   },
                   {
                       "name":  "backend health all UP",
                       "passed":  true,
                       "detail":  "status=UP, database=UP, schema=UP, redis=UP, redisError="
                   },
                   {
                       "name":  "admin login succeeds",
                       "passed":  true,
                       "detail":  "requestId=req_55698e61-6630-4b45-b026-7b94943720df, traceId=trc_3fd9213a-d90f-4672-94b9-a19fdf9eef72"
                   }
               ]
}
