[INFO] Scanning for projects...
[INFO] ------------------------------------------------------------------------
[INFO] Reactor Build Order:
[INFO] 
[INFO] examine                                                            [pom]
[INFO] examine-core                                                       [jar]
[INFO] examine-message-log                                                [jar]
[INFO] examine-plat                                                       [jar]
[INFO] examine-flow                                                       [jar]
[INFO] examine-upload                                                     [jar]
[INFO] examine-module                                                     [jar]
[INFO] examine-app                                                        [jar]
[INFO] examine-ai-work                                                    [jar]
[INFO] examine-web                                                        [jar]
[INFO] 
[INFO] -------------------------< com.unique:examine >-------------------------
[INFO] Building examine 0.0.1-SNAPSHOT                                   [1/10]
[INFO] --------------------------------[ pom ]---------------------------------
[INFO] 
[INFO] ----------------------< com.unique:examine-core >-----------------------
[INFO] Building examine-core 0.0.1-SNAPSHOT                              [2/10]
[INFO] --------------------------------[ jar ]---------------------------------
[INFO] 
[INFO] --- maven-resources-plugin:3.3.1:resources (default-resources) @ examine-core ---
[INFO] Copying 0 resource from src\main\resources to target\classes
[INFO] Copying 14 resources from src\main\resources to target\classes
[INFO] 
[INFO] --- maven-compiler-plugin:3.13.0:compile (default-compile) @ examine-core ---
[INFO] Nothing to compile - all classes are up to date.
[INFO] 
[INFO] --- maven-resources-plugin:3.3.1:testResources (default-testResources) @ examine-core ---
[INFO] skip non existing resourceDirectory D:\workspace\01_project\snow\cursor\examine2\backend\examine-core\src\test\resources
[INFO] 
[INFO] --- maven-compiler-plugin:3.13.0:testCompile (default-testCompile) @ examine-core ---
[INFO] No sources to compile
[INFO] 
[INFO] --- maven-surefire-plugin:3.2.5:test (default-test) @ examine-core ---
[INFO] Tests are skipped.
[INFO] 
[INFO] --- maven-jar-plugin:3.4.2:jar (default-jar) @ examine-core ---
[INFO] 
[INFO] -------------------< com.unique:examine-message-log >-------------------
[INFO] Building examine-message-log 0.0.1-SNAPSHOT                       [3/10]
[INFO] --------------------------------[ jar ]---------------------------------
[INFO] 
[INFO] --- maven-resources-plugin:3.3.1:resources (default-resources) @ examine-message-log ---
[INFO] Copying 0 resource from src\main\resources to target\classes
[INFO] Copying 8 resources from src\main\resources to target\classes
[INFO] 
[INFO] --- maven-compiler-plugin:3.13.0:compile (default-compile) @ examine-message-log ---
[INFO] Nothing to compile - all classes are up to date.
[INFO] 
[INFO] --- maven-resources-plugin:3.3.1:testResources (default-testResources) @ examine-message-log ---
[INFO] skip non existing resourceDirectory D:\workspace\01_project\snow\cursor\examine2\backend\examine-message-log\src\test\resources
[INFO] 
[INFO] --- maven-compiler-plugin:3.13.0:testCompile (default-testCompile) @ examine-message-log ---
[INFO] No sources to compile
[INFO] 
[INFO] --- maven-surefire-plugin:3.2.5:test (default-test) @ examine-message-log ---
[INFO] Tests are skipped.
[INFO] 
[INFO] --- maven-jar-plugin:3.4.2:jar (default-jar) @ examine-message-log ---
[INFO] 
[INFO] ----------------------< com.unique:examine-plat >-----------------------
[INFO] Building examine-plat 0.0.1-SNAPSHOT                              [4/10]
[INFO] --------------------------------[ jar ]---------------------------------
[INFO] 
[INFO] --- maven-resources-plugin:3.3.1:resources (default-resources) @ examine-plat ---
[INFO] Copying 0 resource from src\main\resources to target\classes
[INFO] Copying 19 resources from src\main\resources to target\classes
[INFO] 
[INFO] --- maven-compiler-plugin:3.13.0:compile (default-compile) @ examine-plat ---
[INFO] Nothing to compile - all classes are up to date.
[INFO] 
[INFO] --- maven-resources-plugin:3.3.1:testResources (default-testResources) @ examine-plat ---
[INFO] skip non existing resourceDirectory D:\workspace\01_project\snow\cursor\examine2\backend\examine-plat\src\test\resources
[INFO] 
[INFO] --- maven-compiler-plugin:3.13.0:testCompile (default-testCompile) @ examine-plat ---
[INFO] No sources to compile
[INFO] 
[INFO] --- maven-surefire-plugin:3.2.5:test (default-test) @ examine-plat ---
[INFO] Tests are skipped.
[INFO] 
[INFO] --- maven-jar-plugin:3.4.2:jar (default-jar) @ examine-plat ---
[INFO] 
[INFO] ----------------------< com.unique:examine-flow >-----------------------
[INFO] Building examine-flow 0.0.1-SNAPSHOT                              [5/10]
[INFO] --------------------------------[ jar ]---------------------------------
[INFO] 
[INFO] --- maven-resources-plugin:3.3.1:resources (default-resources) @ examine-flow ---
[INFO] Copying 0 resource from src\main\resources to target\classes
[INFO] Copying 8 resources from src\main\resources to target\classes
[INFO] 
[INFO] --- maven-compiler-plugin:3.13.0:compile (default-compile) @ examine-flow ---
[INFO] Nothing to compile - all classes are up to date.
[INFO] 
[INFO] --- maven-resources-plugin:3.3.1:testResources (default-testResources) @ examine-flow ---
[INFO] skip non existing resourceDirectory D:\workspace\01_project\snow\cursor\examine2\backend\examine-flow\src\test\resources
[INFO] 
[INFO] --- maven-compiler-plugin:3.13.0:testCompile (default-testCompile) @ examine-flow ---
[INFO] No sources to compile
[INFO] 
[INFO] --- maven-surefire-plugin:3.2.5:test (default-test) @ examine-flow ---
[INFO] Tests are skipped.
[INFO] 
[INFO] --- maven-jar-plugin:3.4.2:jar (default-jar) @ examine-flow ---
[INFO] 
[INFO] ---------------------< com.unique:examine-upload >----------------------
[INFO] Building examine-upload 0.0.1-SNAPSHOT                            [6/10]
[INFO] --------------------------------[ jar ]---------------------------------
[INFO] 
[INFO] --- maven-resources-plugin:3.3.1:resources (default-resources) @ examine-upload ---
[INFO] Copying 0 resource from src\main\resources to target\classes
[INFO] Copying 5 resources from src\main\resources to target\classes
[INFO] 
[INFO] --- maven-compiler-plugin:3.13.0:compile (default-compile) @ examine-upload ---
[INFO] Nothing to compile - all classes are up to date.
[INFO] 
[INFO] --- maven-resources-plugin:3.3.1:testResources (default-testResources) @ examine-upload ---
[INFO] skip non existing resourceDirectory D:\workspace\01_project\snow\cursor\examine2\backend\examine-upload\src\test\resources
[INFO] 
[INFO] --- maven-compiler-plugin:3.13.0:testCompile (default-testCompile) @ examine-upload ---
[INFO] No sources to compile
[INFO] 
[INFO] --- maven-surefire-plugin:3.2.5:test (default-test) @ examine-upload ---
[INFO] Tests are skipped.
[INFO] 
[INFO] --- maven-jar-plugin:3.4.2:jar (default-jar) @ examine-upload ---
[INFO] 
[INFO] ---------------------< com.unique:examine-module >----------------------
[INFO] Building examine-module 0.0.1-SNAPSHOT                            [7/10]
[INFO] --------------------------------[ jar ]---------------------------------
[INFO] 
[INFO] --- maven-resources-plugin:3.3.1:resources (default-resources) @ examine-module ---
[INFO] Copying 0 resource from src\main\resources to target\classes
[INFO] Copying 20 resources from src\main\resources to target\classes
[INFO] 
[INFO] --- maven-compiler-plugin:3.13.0:compile (default-compile) @ examine-module ---
[INFO] Nothing to compile - all classes are up to date.
[INFO] 
[INFO] --- maven-resources-plugin:3.3.1:testResources (default-testResources) @ examine-module ---
[INFO] skip non existing resourceDirectory D:\workspace\01_project\snow\cursor\examine2\backend\examine-module\src\test\resources
[INFO] 
[INFO] --- maven-compiler-plugin:3.13.0:testCompile (default-testCompile) @ examine-module ---
[INFO] No sources to compile
[INFO] 
[INFO] --- maven-surefire-plugin:3.2.5:test (default-test) @ examine-module ---
[INFO] Tests are skipped.
[INFO] 
[INFO] --- maven-jar-plugin:3.4.2:jar (default-jar) @ examine-module ---
[INFO] 
[INFO] -----------------------< com.unique:examine-app >-----------------------
[INFO] Building examine-app 0.0.1-SNAPSHOT                               [8/10]
[INFO] --------------------------------[ jar ]---------------------------------
[INFO] 
[INFO] --- maven-resources-plugin:3.3.1:resources (default-resources) @ examine-app ---
[INFO] Copying 0 resource from src\main\resources to target\classes
[INFO] Copying 3 resources from src\main\resources to target\classes
[INFO] 
[INFO] --- maven-compiler-plugin:3.13.0:compile (default-compile) @ examine-app ---
[INFO] Nothing to compile - all classes are up to date.
[INFO] 
[INFO] --- maven-resources-plugin:3.3.1:testResources (default-testResources) @ examine-app ---
[INFO] skip non existing resourceDirectory D:\workspace\01_project\snow\cursor\examine2\backend\examine-app\src\test\resources
[INFO] 
[INFO] --- maven-compiler-plugin:3.13.0:testCompile (default-testCompile) @ examine-app ---
[INFO] No sources to compile
[INFO] 
[INFO] --- maven-surefire-plugin:3.2.5:test (default-test) @ examine-app ---
[INFO] Tests are skipped.
[INFO] 
[INFO] --- maven-jar-plugin:3.4.2:jar (default-jar) @ examine-app ---
[INFO] 
[INFO] ---------------------< com.unique:examine-ai-work >---------------------
[INFO] Building examine-ai-work 0.0.1-SNAPSHOT                           [9/10]
[INFO] --------------------------------[ jar ]---------------------------------
[INFO] 
[INFO] --- maven-resources-plugin:3.3.1:resources (default-resources) @ examine-ai-work ---
[INFO] Copying 0 resource from src\main\resources to target\classes
[INFO] Copying 16 resources from src\main\resources to target\classes
[INFO] 
[INFO] --- maven-compiler-plugin:3.13.0:compile (default-compile) @ examine-ai-work ---
[INFO] Nothing to compile - all classes are up to date.
[INFO] 
[INFO] --- maven-resources-plugin:3.3.1:testResources (default-testResources) @ examine-ai-work ---
[INFO] skip non existing resourceDirectory D:\workspace\01_project\snow\cursor\examine2\backend\examine-ai-work\src\test\resources
[INFO] 
[INFO] --- maven-compiler-plugin:3.13.0:testCompile (default-testCompile) @ examine-ai-work ---
[INFO] No sources to compile
[INFO] 
[INFO] --- maven-surefire-plugin:3.2.5:test (default-test) @ examine-ai-work ---
[INFO] Tests are skipped.
[INFO] 
[INFO] --- maven-jar-plugin:3.4.2:jar (default-jar) @ examine-ai-work ---
[INFO] 
[INFO] -----------------------< com.unique:examine-web >-----------------------
[INFO] Building examine-web 0.0.1-SNAPSHOT                              [10/10]
[INFO] --------------------------------[ jar ]---------------------------------
[INFO] 
[INFO] --- maven-resources-plugin:3.3.1:resources (default-resources) @ examine-web ---
[INFO] Copying 1 resource from src\main\resources to target\classes
[INFO] Copying 0 resource from src\main\resources to target\classes
[INFO] 
[INFO] --- maven-compiler-plugin:3.13.0:compile (default-compile) @ examine-web ---
[INFO] Nothing to compile - all classes are up to date.
[INFO] 
[INFO] --- maven-resources-plugin:3.3.1:testResources (default-testResources) @ examine-web ---
[INFO] skip non existing resourceDirectory D:\workspace\01_project\snow\cursor\examine2\backend\examine-web\src\test\resources
[INFO] 
[INFO] --- maven-compiler-plugin:3.13.0:testCompile (default-testCompile) @ examine-web ---
[INFO] No sources to compile
[INFO] 
[INFO] --- maven-surefire-plugin:3.2.5:test (default-test) @ examine-web ---
[INFO] Tests are skipped.
[INFO] 
[INFO] --- maven-jar-plugin:3.4.2:jar (default-jar) @ examine-web ---
[INFO] 
[INFO] --- spring-boot-maven-plugin:3.3.5:repackage (repackage) @ examine-web ---
[INFO] Replacing main artifact D:\workspace\01_project\snow\cursor\examine2\backend\examine-web\target\examine-web-0.0.1-SNAPSHOT.jar with repackaged archive, adding nested dependencies in BOOT-INF/.
[INFO] The original artifact has been renamed to D:\workspace\01_project\snow\cursor\examine2\backend\examine-web\target\examine-web-0.0.1-SNAPSHOT.jar.original
[INFO] ------------------------------------------------------------------------
[INFO] Reactor Summary for examine 0.0.1-SNAPSHOT:
[INFO] 
[INFO] examine ............................................ SUCCESS [  0.005 s]
[INFO] examine-core ....................................... SUCCESS [  1.757 s]
[INFO] examine-message-log ................................ SUCCESS [  0.411 s]
[INFO] examine-plat ....................................... SUCCESS [  0.570 s]
[INFO] examine-flow ....................................... SUCCESS [  0.254 s]
[INFO] examine-upload ..................................... SUCCESS [  0.125 s]
[INFO] examine-module ..................................... SUCCESS [  0.426 s]
[INFO] examine-app ........................................ SUCCESS [  0.144 s]
[INFO] examine-ai-work .................................... SUCCESS [  0.328 s]
[INFO] examine-web ........................................ SUCCESS [  0.566 s]
[INFO] ------------------------------------------------------------------------
[INFO] BUILD SUCCESS
[INFO] ------------------------------------------------------------------------
[INFO] Total time:  5.160 s
[INFO] Finished at: 2026-06-29T22:57:42+08:00
[INFO] ------------------------------------------------------------------------

> unexamine-frontend@0.0.1 build
> tsc --noEmit && vite build

[36mvite v8.0.16 [32mbuilding client environment for production...[36m[39m
[2Ktransforming...✓ 23 modules transformed.
rendering chunks...
computing gzip size...
dist/index.html                   0.50 kB │ gzip:  0.31 kB
dist/assets/index-RrYVUAWv.css   20.08 kB │ gzip:  4.53 kB
dist/assets/index-W3Pn4hxQ.js   168.92 kB │ gzip: 46.35 kB

[32m✓ built in 140ms[39m
{
    "status":  "PASS",
    "version":  "0.0.1-SNAPSHOT",
    "releaseDir":  "D:\\workspace\\01_project\\snow\\cursor\\examine2\\release\\unexamine-0.0.1-SNAPSHOT",
    "zipPath":  "D:\\workspace\\01_project\\snow\\cursor\\examine2\\release\\unexamine-0.0.1-SNAPSHOT.zip",
    "backendJar":  "D:\\workspace\\01_project\\snow\\cursor\\examine2\\release\\unexamine-0.0.1-SNAPSHOT\\backend\\examine-web.jar",
    "backendJarSha256":  "8752E3ED88D8034C254AFFBC6F28BF3B26B8C4CAA1A45AF5DBB421128490828B",
    "backendConfig":  "D:\\workspace\\01_project\\snow\\cursor\\examine2\\release\\unexamine-0.0.1-SNAPSHOT\\backend\\application.yml",
    "frontendIndex":  "D:\\workspace\\01_project\\snow\\cursor\\examine2\\release\\unexamine-0.0.1-SNAPSHOT\\frontend\\index.html",
    "frontendApiMode":  "same-origin-nginx-proxy",
    "nginxTemplate":  "D:\\workspace\\01_project\\snow\\cursor\\examine2\\release\\unexamine-0.0.1-SNAPSHOT\\nginx\\unexamine.conf",
    "verifyScript":  "D:\\workspace\\01_project\\snow\\cursor\\examine2\\release\\unexamine-0.0.1-SNAPSHOT\\verify-release.ps1"
}
