{
    "status":  "PASS",
    "task":  "REC-P0-018",
    "suffix":  "0629230402",
    "baseUrl":  "http://127.0.0.1:18131",
    "accountName":  "r15_reset_0629230402",
    "systemId":  "616",
    "resetTicketPrefix":  "reset_0199f7",
    "verifyCodeLength":  6,
    "oldPasswordRejected":  true,
    "newPasswordLoginAccountId":  "258",
    "ticketReuseRejected":  true,
    "oldLoginFailure":  {
                            "httpStatus":  400
                        },
    "reuseFailure":  {
                         "httpStatus":  400
                     },
    "browser":  {
                    "requestState":  {
                                         "ok":  true,
                                         "ticket":  "reset_0199f73af90042089e3e4c84955ca9e1",
                                         "code":  "881296"
                                     },
                    "confirmState":  {
                                         "ok":  true
                                     },
                    "screenshot":  "desktop-password-reset.png"
                },
    "screenshots":  [
                        "docs/evidence/recovery/screenshots/r15-password-reset/desktop-password-reset.png"
                    ],
    "cleanup":  "DELETE",
    "generatedAt":  "2026-06-29T23:04:10.9876341+08:00"
}
