{
    "status":  "PASS",
    "task":  "REC-P0-019",
    "suffix":  "0629230413",
    "baseUrl":  "http://127.0.0.1:18131",
    "accountName":  "r16_register_0629230413",
    "systemId":  "617",
    "systemName":  "R16 Register First Use 0629230413",
    "browser":  {
                    "dashboardHash":  "#/systems/617/dashboard",
                    "adminHash":  "#/systems/617/admin",
                    "failures":  [

                                 ],
                    "screenshotCount":  3
                },
    "switchContext":  {
                          "tenantId":  "649",
                          "effectiveRoleIds":  [
                                                   "SYSTEM_SUPER_ADMIN"
                                               ],
                          "systemMemberId":  "795",
                          "accountMemberBindingId":  "795"
                      },
    "defaultDepartment":  {
                              "deptCode":  "default_department",
                              "deptId":  "386",
                              "ownerMemberId":  "795"
                          },
    "screenshots":  [
                        "docs/evidence/recovery/screenshots/r16-register-first-use/desktop-register-dashboard.png",
                        "docs/evidence/recovery/screenshots/r16-register-first-use/desktop-register-admin.png",
                        "docs/evidence/recovery/screenshots/r16-register-first-use/mobile-register-dashboard.png"
                    ],
    "cleanup":  "DELETE",
    "generatedAt":  "2026-06-29T23:04:36.7615145+08:00"
}
