{
    "status":  "PASS",
    "task":  "REC-P0-003",
    "generatedAt":  "2026-06-29T22:59:09.9028965+08:00",
    "baseUrl":  "http://127.0.0.1:18131",
    "systemId":  "597",
    "tenantA":  {
                    "contextMemberId":  "768",
                    "recordTitle":  "Tenant A Record 0629225856",
                    "recordId":  "186",
                    "view":  {
                                 "searchTotal":  1,
                                 "visibleRecordTitle":  "Tenant A Record 0629225856",
                                 "visibleModuleId":  "208",
                                 "hiddenOtherTenantModuleId":  "209",
                                 "tenantId":  "628",
                                 "visibleRecordId":  "186"
                             },
                    "tenantId":  "628",
                    "moduleId":  "208"
                },
    "tenantB":  {
                    "contextMemberId":  "769",
                    "recordTitle":  "Tenant B Record 0629225856",
                    "recordId":  "187",
                    "view":  {
                                 "searchTotal":  1,
                                 "visibleRecordTitle":  "Tenant B Record 0629225856",
                                 "visibleModuleId":  "209",
                                 "hiddenOtherTenantModuleId":  "208",
                                 "tenantId":  "629",
                                 "visibleRecordId":  "187"
                             },
                    "tenantId":  "629",
                    "moduleId":  "209"
                },
    "contextBackA":  {
                         "tenantId":  "628",
                         "permissionSnapshot":  {
                                                    "snapshotId":  "eps_597_628_768",
                                                    "permissionVersion":  "perm_live_SYSTEM_SUPER_ADMIN",
                                                    "disabledReason":  null
                                                },
                         "systemMemberId":  "768"
                     },
    "cleanup":  "DELETE"
}
