{
    "status":  "PASS",
    "task":  "REC-P0-005,REC-P0-006",
    "generatedAt":  "2026-06-29T22:59:26.6612080+08:00",
    "baseUrl":  "http://127.0.0.1:18131",
    "targetSystemId":  "598",
    "targetTenantId":  "630",
    "requesterAccount":  "r3_requester_0629225911893_2fb62d",
    "approverAccount":  "r3_approver_0629225911893_2fb62d",
    "normalOwnedSystemId":  "599",
    "approverOwnedSystemId":  "600",
    "runtimeRoleId":  "840",
    "requesterMemberId":  "773",
    "requesterBindingId":  "773",
    "approverMemberId":  "774",
    "approverBindingId":  "774",
    "moduleId":  "210",
    "sceneId":  "401",
    "permissionVersion":  "perm_1782745162435_trc754af",
    "runtimeSchemaActionCount":  3,
    "runtimeSchemaColumnCount":  7,
    "requesterEffectiveRoles":  [
                                    "R3_RUNTIME_MEMBER_0629225911893_2fb62d"
                                ],
    "approverEffectiveRoles":  [
                                   "R3_RUNTIME_MEMBER_0629225911893_2fb62d"
                               ],
    "draftId":  "draft_trc_e262",
    "sequenceA":  [
                      "R3-0629225911893_2fb62d-0001",
                      "R3-0629225911893_2fb62d-0002"
                  ],
    "sequenceB":  [
                      "R3-0629225911893_2fb62d-0003"
                  ],
    "recordId":  "188",
    "uploadedFileId":  "file_437772d5_1782745164387",
    "uploadedFileName":  "r3-runtime-attachment-0629225911893_2fb62d.txt",
    "attachmentBindCount":  1,
    "searchTotal":  1,
    "historyTotal":  2,
    "approvalAccepted":  true,
    "pendingTaskId":  "70",
    "requesterPendingTodoTotal":  0,
    "approverPendingTodoTotal":  1,
    "messageTotal":  1,
    "requesterApproveDeniedStatus":  403,
    "approvedTaskStatus":  "APPROVED",
    "approvedInstanceStatus":  "APPROVED",
    "duplicateApproval":  true,
    "requesterAndApproverAreSameCurrentLimitation":  false,
    "cleanup":  [
                    "598:DELETE",
                    "599:DELETE",
                    "600:DELETE"
                ]
}
