{
    "status":  "PASS",
    "task":  "REC-P0-010",
    "generatedAt":  "2026-06-29T22:59:52.8193541+08:00",
    "baseUrl":  "http://127.0.0.1:18131",
    "suffix":  "0629225946",
    "systemId":  "603",
    "tenantId":  "635",
    "beforeDashboard":  {
                            "activeProjectCount":  0,
                            "projectTaskCount":  0,
                            "plainTaskCount":  0,
                            "overdueTaskCount":  0,
                            "dailyReportSubmitted":  false
                        },
    "afterDashboard":  {
                           "activeProjectCount":  1,
                           "projectTaskCount":  1,
                           "plainTaskCount":  1,
                           "overdueTaskCount":  0,
                           "dailyReportSubmitted":  false
                       },
    "projectId":  "23",
    "projectTaskId":  "45",
    "plainTaskId":  "46",
    "dailyReportId":  "22",
    "autoDraftTraceId":  "trc_35bf8c6e-86de-463d-b152-4bdba308178d",
    "projectSearchTotal":  1,
    "projectTaskSearchTotal":  1,
    "plainTaskSearchTotal":  1,
    "reportSearchTotal":  1,
    "projectKanbanColumns":  5,
    "plainKanbanColumns":  4,
    "cleanup":  "DELETE"
}
