{
    "status":  "PASS",
    "task":  "REC-P0-011",
    "generatedAt":  "2026-06-29T23:00:12.8298720+08:00",
    "baseUrl":  "http://127.0.0.1:18131",
    "systemId":  "604",
    "tenantId":  "636",
    "requesterAccount":  "r3_requester_0629225959895_3eb8c2",
    "approverAccount":  "r3_approver_0629225959895_3eb8c2",
    "recordId":  "189",
    "pendingTodoId":  "71",
    "messageId":  "73",
    "requesterPendingTodoTotal":  0,
    "approverPendingTodoTotal":  1,
    "unreadMessageTotal":  1,
    "readMessageTotal":  1,
    "activeAfterArchiveTotal":  0,
    "archivedAfterArchiveTotal":  1,
    "handledTodoTotal":  1,
    "markReadTraceId":  "trc_edf97245-5c93-402b-89da-42014ac05c44",
    "archiveTraceId":  "trc_23d0ea67-d6f3-4f19-9e04-1514f443b9b5",
    "todoActionTraceId":  "trc_4448dcbd-dbc1-45b4-bec2-561890bf80b8",
    "cleanup":  [
                    "604:DELETE",
                    "605:DELETE",
                    "606:DELETE"
                ]
}
