{
    "status":  "PASS",
    "task":  "REC-P0-014",
    "generatedAt":  "2026-06-29T23:00:24.6265796+08:00",
    "baseUrl":  "http://127.0.0.1:18131",
    "suffix":  "0629230014879_97922d",
    "targetSystemId":  "607",
    "targetTenantId":  "639",
    "providerId":  "idp_oidc_56a29938",
    "providerTestPassed":  true,
    "providerPublishStatus":  "PUBLISHED",
    "ssoPolicyStatus":  "ACTIVE",
    "precheckUnmatchedDepartmentCount":  1,
    "precheckUnboundMemberCount":  1,
    "requesterAccount":  "r9_requester_0629230014879_97922d",
    "requesterAccountId":  "255",
    "requesterOwnedSystemId":  "608",
    "switchBeforeApprovalStatus":  403,
    "requestId":  "30",
    "requesterOwnSubmittedTotal":  1,
    "incompleteStatus":  "REVIEWING",
    "incompleteBusinessAccessAllowed":  false,
    "switchAfterIncompleteStatus":  403,
    "approvedStatus":  "APPROVED",
    "approvedBusinessAccessAllowed":  true,
    "approvedSystemMemberId":  "785",
    "accountMemberBindingId":  "785",
    "ssoBindingId":  "30",
    "approvedReadbackSsoBindingId":  "30",
    "requesterSwitchSystemMemberId":  "785",
    "requesterEffectiveRoles":  [
                                    "R9_APPROVED_0629230014879_97922d"
                                ],
    "cleanup":  [
                    "607:DELETE",
                    "608:DELETE"
                ]
}
