{
    "status":  "PASS",
    "generatedAt":  "2026-07-08T19:56:41.5111921+08:00",
    "coverageLedgerPath":  "docs/framework/final-requirement-coverage-ledger.md",
    "gapReportPath":  "docs/evidence/final-requirement-gap-report.md",
    "nextExecutionLedgerPath":  "docs/framework/next-execution-ledger.md",
    "taskCardsPath":  "docs/recovery/p0-task-cards.md",
    "fixBatchesPath":  "docs/recovery/fix-batches.md",
    "sessionStatePath":  ".cursor/session/state.json",
    "frameworkPath":  ".cursor/architecture/final-goal-framework.md",
    "workflowPath":  ".cursor/workflows/final-goal-recovery.md",
    "taskTemplatePath":  ".cursor/templates/task.md",
    "coverage":  {
                     "totalRows":  45,
                     "open":  0,
                     "partial":  45,
                     "closed":  0,
                     "notClosed":  45
                 },
    "nextTasks":  [
                      "REC-P0-101 Platform Flow Application Persistence Permission And Readback Closure"
                  ],
    "activeTaskContracts":  [
                                {
                                    "nextTask":  "REC-P0-101 Platform Flow Application Persistence Permission And Readback Closure",
                                    "taskId":  "REC-P0-101",
                                    "frcId":  "REC-P0-101",
                                    "requiredCoverageRows":  [
                                                                 "REQ-4.1",
                                                                 "REQ-4.2",
                                                                 "REQ-5.15",
                                                                 "REQ-6.1",
                                                                 "REQ-6.2",
                                                                 "REQ-6.3",
                                                                 "REQ-6.11",
                                                                 "REQ-9",
                                                                 "REQ-2.1"
                                                             ],
                                    "sectionFound":  true,
                                    "missingContractRows":  [

                                                            ],
                                    "missingEvidencePaths":  [

                                                             ],
                                    "missingCoverageRows":  [

                                                            ],
                                    "closedCoverageRows":  [

                                                           ],
                                    "emptyCoverageGaps":  [

                                                          ],
                                    "missingTaskCoverageRefs":  [

                                                                ],
                                    "missingNextLedgerRefs":  [

                                                              ],
                                    "missingGapReportRefs":  [

                                                             ],
                                    "screenshotBoundaryVisualOnly":  true
                                }
                            ],
    "errors":  [

               ],
    "warnings":  [
                     {
                         "name":  "next ledger does not imply completion from engineering evidence",
                         "passed":  false,
                         "severity":  "WARN",
                         "detail":  "| accepted | REC-P0-099 Post-R98 User Trial Feedback Intake And Residual Repair Selection | `REQ-2.1`, `REQ-6.2`, `REQ-9` plus all remaining `PARTIAL` rows | J1-J11, especially J8, J9, J11 | R99 is accepted as decision evidence only. It confirmed R98 PASS/checklist, signoff false, coverage notClosed `45`, and selected R100 from the documented Flow/Application depth gap instead of claiming final acceptance. | Evidence: `scripts/recovery-r99-post-r98-user-feedback-intake-and-next-repair-selection.ps1` PASS, result `docs/evidence/recovery/r99-post-r98-user-feedback-intake-and-next-repair-selection-result.json`, summary `docs/evidence/recovery/r99-post-r98-user-feedback-intake-and-next-repair-selection-2026-07-08.md`; user signoff remains false. | | | accepted | REC-P0-096 Final Remaining Partial Coverage Or User Trial Readiness Selection | all remaining `PARTIAL` final coverage rows, especially `REQ-4.x`, `REQ-5.x`, `REQ-6.x`, `REQ-9`, `REQ-14.x`, `REQ-2.1` | J1-J11 | R96 is accepted as decision evidence only. Framework/static/coverage refresh passed with coverage still notClosed `45`, R95 remained PASS, and the next executable task is R97/C1 first-use/empty-dashboard hierarchy closure. | Evidence: `scripts/recovery-r96-final-remaining-partial-coverage-selection.ps1` PASS, result `docs/evidence/recovery/r96-final-remaining-partial-coverage-selection-result.json`, summary `docs/evidence/recovery/r96-final-remaining-partial-coverage-selection-2026-07-08.md`; user signoff false. |"
                     }
                 ],
    "checks":  [
                   {
                       "name":  "coverage ledger parses requirement rows",
                       "passed":  true,
                       "severity":  "ERROR",
                       "detail":  "rows=45"
                   },
                   {
                       "name":  "no final user signoff while requirements remain open",
                       "passed":  true,
                       "severity":  "ERROR",
                       "detail":  "user_script_passed=False, notClosed=45"
                   },
                   {
                       "name":  "next execution ledger exposes unfinished work",
                       "passed":  true,
                       "severity":  "ERROR",
                       "detail":  "notClosed=45, hasOpenWork=True"
                   },
                   {
                       "name":  "session state has next executable tasks while requirements remain partial",
                       "passed":  true,
                       "severity":  "ERROR",
                       "detail":  "nextTasks=REC-P0-101 Platform Flow Application Persistence Permission And Readback Closure"
                   },
                   {
                       "name":  "task card contract contains User role",
                       "passed":  true,
                       "severity":  "ERROR",
                       "detail":  "User role"
                   },
                   {
                       "name":  "task card contract contains Business outcome",
                       "passed":  true,
                       "severity":  "ERROR",
                       "detail":  "Business outcome"
                   },
                   {
                       "name":  "task card contract contains Prototype reference",
                       "passed":  true,
                       "severity":  "ERROR",
                       "detail":  "Prototype reference"
                   },
                   {
                       "name":  "task card contract contains Frontend scope",
                       "passed":  true,
                       "severity":  "ERROR",
                       "detail":  "Frontend scope"
                   },
                   {
                       "name":  "task card contract contains Backend scope",
                       "passed":  true,
                       "severity":  "ERROR",
                       "detail":  "Backend scope"
                   },
                   {
                       "name":  "task card contract contains Generator scope",
                       "passed":  true,
                       "severity":  "ERROR",
                       "detail":  "Generator scope"
                   },
                   {
                       "name":  "task card contract contains Data scope",
                       "passed":  true,
                       "severity":  "ERROR",
                       "detail":  "Data scope"
                   },
                   {
                       "name":  "task card contract contains Permission rule",
                       "passed":  true,
                       "severity":  "ERROR",
                       "detail":  "Permission rule"
                   },
                   {
                       "name":  "task card contract contains States",
                       "passed":  true,
                       "severity":  "ERROR",
                       "detail":  "States"
                   },
                   {
                       "name":  "task card contract contains Explicitly not complete if",
                       "passed":  true,
                       "severity":  "ERROR",
                       "detail":  "Explicitly not complete if"
                   },
                   {
                       "name":  "task card contract contains Acceptance script",
                       "passed":  true,
                       "severity":  "ERROR",
                       "detail":  "Acceptance script"
                   },
                   {
                       "name":  "task card contract contains Evidence paths",
                       "passed":  true,
                       "severity":  "ERROR",
                       "detail":  "Evidence paths"
                   },
                   {
                       "name":  "fix batches status language includes open",
                       "passed":  true,
                       "severity":  "WARN",
                       "detail":  "open"
                   },
                   {
                       "name":  "fix batches status language includes planned",
                       "passed":  true,
                       "severity":  "WARN",
                       "detail":  "planned"
                   },
                   {
                       "name":  "fix batches status language includes in_progress",
                       "passed":  true,
                       "severity":  "WARN",
                       "detail":  "in_progress"
                   },
                   {
                       "name":  "fix batches status language includes blocked",
                       "passed":  true,
                       "severity":  "WARN",
                       "detail":  "blocked"
                   },
                   {
                       "name":  "fix batches status language includes accepted",
                       "passed":  true,
                       "severity":  "WARN",
                       "detail":  "accepted"
                   },
                   {
                       "name":  "framework v4 ledger marker is present",
                       "passed":  true,
                       "severity":  "ERROR",
                       "detail":  "next ledger mentions Framework v4 and coverage ledger keeps PARTIAL gate visible"
                   },
                   {
                       "name":  "framework v5 requirement-first lock is present",
                       "passed":  true,
                       "severity":  "ERROR",
                       "detail":  "framework must separate requirement truth from screenshot visual evidence"
                   },
                   {
                       "name":  "task template requires requirement confirmation contract",
                       "passed":  true,
                       "severity":  "ERROR",
                       "detail":  "task template must force requirement source, assertions, and screenshot boundary"
                   },
                   {
                       "name":  "workflow rejects screenshot-only confirmation",
                       "passed":  true,
                       "severity":  "ERROR",
                       "detail":  "workflow must block coding from screenshots without requirement contract"
                   },
                   {
                       "name":  "framework v6 usable-system remediation lock is present",
                       "passed":  true,
                       "severity":  "ERROR",
                       "detail":  "framework must reopen acceptance from user feedback and force requirement-row journey execution"
                   },
                   {
                       "name":  "next ledger exposes usable-system remediation as executable work",
                       "passed":  true,
                       "severity":  "ERROR",
                       "detail":  "next ledger must not keep old slice work as the primary task after user feedback"
                   },
                   {
                       "name":  "framework v7 human-usable gate is present",
                       "passed":  true,
                       "severity":  "ERROR",
                       "detail":  "framework must force human role journeys, no-prompt execution boundary, and cleanup of false-completion artifacts"
                   },
                   {
                       "name":  "workflow v7 human-usable recovery rules are present",
                       "passed":  true,
                       "severity":  "ERROR",
                       "detail":  "workflow must choose human journey acceptance after still-unusable feedback and avoid unnecessary product prompts"
                   },
                   {
                       "name":  "task template v7 human-usable fields are present",
                       "passed":  true,
                       "severity":  "ERROR",
                       "detail":  "task template must force role shell, page stacking, copy/tip, and post-action usability checks"
                   },
                   {
                       "name":  "final usable-system acceptance records v7 upgrade",
                       "passed":  true,
                       "severity":  "ERROR",
                       "detail":  "final acceptance must keep V7 human usability and user signoff boundary visible"
                   },
                   {
                       "name":  "framework v8 flow blueprint lock is present",
                       "passed":  true,
                       "severity":  "ERROR",
                       "detail":  "framework must require the flow blueprint and flow ids before coding"
                   },
                   {
                       "name":  "flow blueprint covers auth, shells, system, runtime, integration, AI, and operations",
                       "passed":  true,
                       "severity":  "ERROR",
                       "detail":  "blueprint must describe the system from entry to operation, not just one page slice"
                   },
                   {
                       "name":  "REC-P0-060 task card locks flow blueprint before coding",
                       "passed":  true,
                       "severity":  "ERROR",
                       "detail":  "R60 must make the flow blueprint an active framework task"
                   },
                   {
                       "name":  "active next task follows flow-blueprint execution after user correction",
                       "passed":  true,
                       "severity":  "ERROR",
                       "detail":  "session, ledger, final acceptance, and fix batches must keep R60 recorded and keep subsequent tasks flow-derived"
                   },
                   {
                       "name":  "final usable-system acceptance is reopened by user feedback",
                       "passed":  true,
                       "severity":  "ERROR",
                       "detail":  "historical journey PASS rows must be downgraded to engineering evidence while user signoff is false"
                   },
                   {
                       "name":  "final usable-system journey rows do not claim final PASS after user feedback",
                       "passed":  true,
                       "severity":  "ERROR",
                       "detail":  ""
                   },
                   {
                       "name":  "active task card exists for REC-P0-101",
                       "passed":  true,
                       "severity":  "ERROR",
                       "detail":  "nextTask=REC-P0-101 Platform Flow Application Persistence Permission And Readback Closure"
                   },
                   {
                       "name":  "active task card requirement contract is complete for REC-P0-101",
                       "passed":  true,
                       "severity":  "ERROR",
                       "detail":  "missingRows="
                   },
                   {
                       "name":  "active task card screenshot boundary is visual-only for REC-P0-101",
                       "passed":  true,
                       "severity":  "ERROR",
                       "detail":  "screenshot boundary must reject functional completion without assertions"
                   },
                   {
                       "name":  "active task card evidence paths are planned for REC-P0-101",
                       "passed":  true,
                       "severity":  "ERROR",
                       "detail":  "missingEvidence="
                   },
                   {
                       "name":  "active task coverage rows exist in coverage ledger for REC-P0-101",
                       "passed":  true,
                       "severity":  "ERROR",
                       "detail":  "missingCoverageRows="
                   },
                   {
                       "name":  "active task coverage rows remain unfinished for REC-P0-101",
                       "passed":  true,
                       "severity":  "ERROR",
                       "detail":  "closedCoverageRows="
                   },
                   {
                       "name":  "active task coverage rows keep concrete gaps for REC-P0-101",
                       "passed":  true,
                       "severity":  "ERROR",
                       "detail":  "emptyCoverageGaps="
                   },
                   {
                       "name":  "active task card references every required coverage row for REC-P0-101",
                       "passed":  true,
                       "severity":  "ERROR",
                       "detail":  "missingTaskCoverageRefs="
                   },
                   {
                       "name":  "next execution ledger row references every active coverage row for REC-P0-101",
                       "passed":  true,
                       "severity":  "ERROR",
                       "detail":  "missingNextLedgerRefs="
                   },
                   {
                       "name":  "gap report exposes every active coverage row for REC-P0-101",
                       "passed":  true,
                       "severity":  "ERROR",
                       "detail":  "missingGapReportRefs="
                   },
                   {
                       "name":  "next ledger does not imply completion from engineering evidence",
                       "passed":  false,
                       "severity":  "WARN",
                       "detail":  "| accepted | REC-P0-099 Post-R98 User Trial Feedback Intake And Residual Repair Selection | `REQ-2.1`, `REQ-6.2`, `REQ-9` plus all remaining `PARTIAL` rows | J1-J11, especially J8, J9, J11 | R99 is accepted as decision evidence only. It confirmed R98 PASS/checklist, signoff false, coverage notClosed `45`, and selected R100 from the documented Flow/Application depth gap instead of claiming final acceptance. | Evidence: `scripts/recovery-r99-post-r98-user-feedback-intake-and-next-repair-selection.ps1` PASS, result `docs/evidence/recovery/r99-post-r98-user-feedback-intake-and-next-repair-selection-result.json`, summary `docs/evidence/recovery/r99-post-r98-user-feedback-intake-and-next-repair-selection-2026-07-08.md`; user signoff remains false. | | | accepted | REC-P0-096 Final Remaining Partial Coverage Or User Trial Readiness Selection | all remaining `PARTIAL` final coverage rows, especially `REQ-4.x`, `REQ-5.x`, `REQ-6.x`, `REQ-9`, `REQ-14.x`, `REQ-2.1` | J1-J11 | R96 is accepted as decision evidence only. Framework/static/coverage refresh passed with coverage still notClosed `45`, R95 remained PASS, and the next executable task is R97/C1 first-use/empty-dashboard hierarchy closure. | Evidence: `scripts/recovery-r96-final-remaining-partial-coverage-selection.ps1` PASS, result `docs/evidence/recovery/r96-final-remaining-partial-coverage-selection-result.json`, summary `docs/evidence/recovery/r96-final-remaining-partial-coverage-selection-2026-07-08.md`; user signoff false. |"
                   }
               ]
}

