2026-07-07 12:29:33.126: [INFO] VisibilityChanged: 0
2026-07-07 12:29:33.155: [INFO] RecordSyncInitDuration has_sync_been_enabled: 0 state: 0
2026-07-07 12:29:33.156: [INFO] RecordSyncInitDuration has_sync_been_enabled: 0 state: 0
2026-07-07 12:29:33.157: [INFO] RecordSyncInitDuration has_sync_been_enabled: 0 state: 0
2026-07-07 12:29:33.159: [INFO] RecordSyncInitDuration has_sync_been_enabled: 0 state: 0
2026-07-07 12:29:33.160: [INFO] RecordSyncInitDuration has_sync_been_enabled: 0 state: 0
2026-07-07 12:29:33.161: [INFO] RecordSyncInitDuration has_sync_been_enabled: 0 state: 0
2026-07-07 12:29:33.162: [INFO] RecordSyncInitDuration has_sync_been_enabled: 0 state: 0
2026-07-07 12:29:33.163: [INFO] RecordSyncInitDuration has_sync_been_enabled: 0 state: 0
2026-07-07 12:29:33.164: [INFO] RecordSyncInitDuration has_sync_been_enabled: 0 state: 0
2026-07-07 12:29:33.165: [INFO] RecordSyncInitDuration has_sync_been_enabled: 0 state: 0
2026-07-07 12:29:33.168: [INFO] RecordSyncInitDuration has_sync_been_enabled: 0 state: 0
2026-07-07 12:29:33.184: [INFO] BookmarkModelLoaded, ids_reassigned: 0
2026-07-07 12:29:33.184: [INFO] OnDoneLoading sync enabled: 0
2026-07-07 12:29:33.188: [INFO] RecordSyncInitDuration has_sync_been_enabled: 0 state: 0
2026-07-07 12:29:36.592: [INFO] BookmarkNodeAdded, ABU: 0
2026-07-07 12:29:36.593: [INFO] BookmarkNodeAdded, ABU: 0
2026-07-07 12:29:36.594: [INFO] BookmarkNodeAdded, ABU: 0
2026-07-07 12:29:36.595: [INFO] BookmarkNodeAdded, ABU: 0
2026-07-07 12:29:36.596: [INFO] BookmarkNodeAdded, ABU: 0
2026-07-07 12:29:36.597: [INFO] BookmarkNodeAdded, ABU: 0
2026-07-07 12:29:36.598: [INFO] BookmarkNodeAdded, ABU: 0
2026-07-07 12:29:36.599: [INFO] BookmarkNodeAdded, ABU: 0
2026-07-07 12:29:36.599: [INFO] BookmarkNodeAdded, ABU: 0
2026-07-07 12:29:36.600: [INFO] BookmarkNodeAdded, ABU: 0
