2026-07-07 13:22:01.827: [INFO] VisibilityChanged: 0
2026-07-07 13:22:01.854: [INFO] RecordSyncInitDuration has_sync_been_enabled: 0 state: 0
2026-07-07 13:22:01.855: [INFO] RecordSyncInitDuration has_sync_been_enabled: 0 state: 0
2026-07-07 13:22:01.856: [INFO] RecordSyncInitDuration has_sync_been_enabled: 0 state: 0
2026-07-07 13:22:01.857: [INFO] RecordSyncInitDuration has_sync_been_enabled: 0 state: 0
2026-07-07 13:22:01.858: [INFO] RecordSyncInitDuration has_sync_been_enabled: 0 state: 0
2026-07-07 13:22:01.859: [INFO] RecordSyncInitDuration has_sync_been_enabled: 0 state: 0
2026-07-07 13:22:01.860: [INFO] RecordSyncInitDuration has_sync_been_enabled: 0 state: 0
2026-07-07 13:22:01.861: [INFO] RecordSyncInitDuration has_sync_been_enabled: 0 state: 0
2026-07-07 13:22:01.862: [INFO] RecordSyncInitDuration has_sync_been_enabled: 0 state: 0
2026-07-07 13:22:01.863: [INFO] RecordSyncInitDuration has_sync_been_enabled: 0 state: 0
2026-07-07 13:22:01.864: [INFO] RecordSyncInitDuration has_sync_been_enabled: 0 state: 0
2026-07-07 13:22:01.885: [INFO] BookmarkModelLoaded, ids_reassigned: 0
2026-07-07 13:22:01.885: [INFO] OnDoneLoading sync enabled: 0
2026-07-07 13:22:01.897: [INFO] RecordSyncInitDuration has_sync_been_enabled: 0 state: 0
2026-07-07 13:22:04.837: [INFO] BookmarkNodeAdded, ABU: 0
2026-07-07 13:22:04.838: [INFO] BookmarkNodeAdded, ABU: 0
2026-07-07 13:22:04.839: [INFO] BookmarkNodeAdded, ABU: 0
2026-07-07 13:22:04.840: [INFO] BookmarkNodeAdded, ABU: 0
2026-07-07 13:22:04.841: [INFO] BookmarkNodeAdded, ABU: 0
2026-07-07 13:22:04.842: [INFO] BookmarkNodeAdded, ABU: 0
2026-07-07 13:22:04.843: [INFO] BookmarkNodeAdded, ABU: 0
2026-07-07 13:22:04.844: [INFO] BookmarkNodeAdded, ABU: 0
2026-07-07 13:22:04.845: [INFO] BookmarkNodeAdded, ABU: 0
2026-07-07 13:22:04.846: [INFO] BookmarkNodeAdded, ABU: 0
