2026-07-07 13:48:03.748: [INFO] VisibilityChanged: 0
2026-07-07 13:48:03.776: [INFO] RecordSyncInitDuration has_sync_been_enabled: 0 state: 0
2026-07-07 13:48:03.777: [INFO] RecordSyncInitDuration has_sync_been_enabled: 0 state: 0
2026-07-07 13:48:03.778: [INFO] RecordSyncInitDuration has_sync_been_enabled: 0 state: 0
2026-07-07 13:48:03.779: [INFO] RecordSyncInitDuration has_sync_been_enabled: 0 state: 0
2026-07-07 13:48:03.780: [INFO] RecordSyncInitDuration has_sync_been_enabled: 0 state: 0
2026-07-07 13:48:03.781: [INFO] RecordSyncInitDuration has_sync_been_enabled: 0 state: 0
2026-07-07 13:48:03.782: [INFO] RecordSyncInitDuration has_sync_been_enabled: 0 state: 0
2026-07-07 13:48:03.783: [INFO] RecordSyncInitDuration has_sync_been_enabled: 0 state: 0
2026-07-07 13:48:03.784: [INFO] RecordSyncInitDuration has_sync_been_enabled: 0 state: 0
2026-07-07 13:48:03.785: [INFO] RecordSyncInitDuration has_sync_been_enabled: 0 state: 0
2026-07-07 13:48:03.786: [INFO] RecordSyncInitDuration has_sync_been_enabled: 0 state: 0
2026-07-07 13:48:03.802: [INFO] BookmarkModelLoaded, ids_reassigned: 0
2026-07-07 13:48:03.802: [INFO] OnDoneLoading sync enabled: 0
2026-07-07 13:48:03.808: [INFO] RecordSyncInitDuration has_sync_been_enabled: 0 state: 0
2026-07-07 13:48:07.381: [INFO] BookmarkNodeAdded, ABU: 0
2026-07-07 13:48:07.382: [INFO] BookmarkNodeAdded, ABU: 0
2026-07-07 13:48:07.383: [INFO] BookmarkNodeAdded, ABU: 0
2026-07-07 13:48:07.383: [INFO] BookmarkNodeAdded, ABU: 0
2026-07-07 13:48:07.384: [INFO] BookmarkNodeAdded, ABU: 0
2026-07-07 13:48:07.385: [INFO] BookmarkNodeAdded, ABU: 0
2026-07-07 13:48:07.386: [INFO] BookmarkNodeAdded, ABU: 0
2026-07-07 13:48:07.387: [INFO] BookmarkNodeAdded, ABU: 0
2026-07-07 13:48:07.388: [INFO] BookmarkNodeAdded, ABU: 0
2026-07-07 13:48:07.389: [INFO] BookmarkNodeAdded, ABU: 0
