{
    "status":  "PASS",
    "baseUrl":  "http://127.0.0.1:18131",
    "systemId":  "1005",
    "moduleId":  "412",
    "hiddenModuleId":  "413",
    "visibleGroupId":  "410",
    "hiddenGroupId":  "411",
    "visibleGroupVersion":  "MODULE_GROUP_v1782972656329",
    "hiddenGroupVersion":  "MODULE_GROUP_v1782972656403",
    "runtimeRoleId":  "1466",
    "dictTypeId":  "516",
    "dictPublishedVersion":  "DICT_TYPE_v1782972655679",
    "dictFieldReferenceCount":  2,
    "dictDisabledItemCount":  1,
    "dictItems":  [
                      "ACTIVE",
                      "PENDING",
                      "DISABLED_OLD"
                  ],
    "activeSchemaOptionCodes":  [
                                    "ACTIVE",
                                    "PENDING"
                                ],
    "fieldCount":  12,
    "fieldTypes":  [
                       "ATTACHMENT",
                       "CHILD_TABLE",
                       "DATE",
                       "DATETIME",
                       "DEPARTMENT",
                       "IMAGE",
                       "LONG_TEXT",
                       "MULTI_SELECT",
                       "NUMBER",
                       "RELATION",
                       "SELECT",
                       "TEXT",
                       "USER"
                   ],
    "amountDefaultValue":  "12.50",
    "amountValidationMin":  "0",
    "amountTypePrecision":  "2",
    "sceneId":  "764",
    "rolePermissionVersion":  "perm_1782972656483_trc1e06e",
    "normalSchemaColumnCount":  15,
    "forbiddenAdminStatus":  403,
    "browserResultCount":  6,
    "browserOverflowCount":  0,
    "browserBlockerCount":  0,
    "browserAuditPath":  "D:\\workspace\\01_project\\snow\\cursor\\examine2\\docs\\evidence\\recovery\\screenshots\\r45-field-dict-menu\\field-dict-menu-browser-audit.json",
    "cleanup":  [
                    "1005:DELETE",
                    "1006:DELETE"
                ]
}
