{
    "status":  "PASS",
    "task":  "REC-P0-049",
    "frc":  "FRC-4C OpenAPI, assistant, and integration boundary closure",
    "baseUrl":  "http://127.0.0.1:18131",
    "systemId":  "873",
    "tenantId":  "905",
    "moduleId":  "334",
    "openApiAppId":  "54",
    "openApiRecordId":  "435",
    "openApiSecretRefId":  "sec_openapi_r49_app_0701161859351_3df407_fac2bc9a",
    "openApiRotateJobId":  "srj_openapi_54_e43ab661",
    "openApiRotateTaskStatus":  "QUEUED",
    "openApiSuccessLogCount":  5,
    "openApiFailedLogCount":  1,
    "readOnlyDeniedStatus":  403,
    "wrongSecretDeniedStatus":  401,
    "modelAuthorizationId":  "22",
    "platformDeniedStatus":  "REJECTED_BY_SCOPE",
    "agentPolicyId":  "45",
    "policyPublishPassed":  true,
    "adminSessionId":  "agent_session_system_trc832f1c36e",
    "proposedConfirmationTypes":  [
                                      "SYSTEM_AGENT_WRITE_CONFIRM",
                                      "WORK_AGENT_DRAFT_CONFIRM"
                                  ],
    "writePreviewStatus":  "WAITING_HUMAN_CONFIRM",
    "writeConfirmedStatus":  "CONFIRMED",
    "writeRejectedStatus":  "REJECTED",
    "draftPreviewStatus":  "WAITING_HUMAN_CONFIRM",
    "draftConfirmedStatus":  "CONFIRMED",
    "normalSessionId":  "agent_session_system_trc870fd840c",
    "normalOpenApiCreateStatus":  403,
    "normalPolicyCreateStatus":  403,
    "agentAuditLogCount":  12,
    "agentConfirmationAuditCount":  6,
    "browserResultCount":  6,
    "browserOverflowCount":  0,
    "browserBlockerCount":  0,
    "browserAuditPath":  "D:\\workspace\\01_project\\snow\\cursor\\examine2\\docs\\evidence\\recovery\\screenshots\\r49-openapi-assistant-integration\\openapi-assistant-integration-browser-audit.json",
    "evidenceDir":  "D:\\workspace\\01_project\\snow\\cursor\\examine2\\docs\\evidence\\recovery\\screenshots\\r49-openapi-assistant-integration",
    "cleanup":  [
                    "873:DELETE",
                    "874:DELETE"
                ]
}
