{
    "status":  "PASS",
    "task":  "REC-P0-048",
    "frc":  "FRC-4B Workflow, approval, todo/message, and flow surface closure",
    "baseUrl":  "http://127.0.0.1:18131",
    "systemId":  "870",
    "tenantId":  "902",
    "moduleId":  "333",
    "recordId":  "434",
    "flowId":  "131",
    "flowName":  "R3 Approval 0701161740957_72988e",
    "flowPublishStatus":  "PUBLISHED",
    "flowCurrentVersion":  "flow_v1782893873304",
    "publishCheckPassed":  true,
    "publishCheckImpactCount":  2,
    "simulationPassed":  true,
    "simulationRuntimeInstanceCreated":  false,
    "simulationStepCount":  2,
    "requesterPendingTodoTotal":  0,
    "approverPendingTodoTotal":  1,
    "approverMessageTotal":  1,
    "pendingTodoId":  "77",
    "pendingMessageId":  "79",
    "pendingTaskId":  "77",
    "requesterApproveDeniedStatus":  403,
    "normalAdminDeniedStatus":  403,
    "todoActionStatus":  "HANDLED",
    "todoActionTraceId":  "trc_3ba716f3-ab82-43f6-8fb1-5fee137a2d76",
    "duplicateTodoActionStatus":  "HANDLED",
    "duplicateTodoActionTraceId":  "trc_3ba716f3-ab82-43f6-8fb1-5fee137a2d76",
    "detailTerminalStatus":  "APPROVED",
    "approvalSidebarStatus":  "APPROVED",
    "pendingAfterApproveTotal":  0,
    "handledAfterApproveTotal":  1,
    "browserBeforeResultCount":  8,
    "browserAfterResultCount":  6,
    "browserOverflowCount":  0,
    "browserBlockerCount":  0,
    "browserAuditPath":  "D:\\workspace\\01_project\\snow\\cursor\\examine2\\docs\\evidence\\recovery\\screenshots\\r48-workflow-message-flow\\workflow-message-flow-browser-audit.json",
    "evidenceDir":  "D:\\workspace\\01_project\\snow\\cursor\\examine2\\docs\\evidence\\recovery\\screenshots\\r48-workflow-message-flow",
    "cleanup":  [
                    "870:DELETE",
                    "871:DELETE",
                    "872:DELETE"
                ]
}
