{
    "status":  "PASS",
    "baseUrl":  "http://127.0.0.1:18131",
    "releaseDir":  "D:\\workspace\\01_project\\snow\\cursor\\examine2\\release\\unexamine-0.0.1-SNAPSHOT",
    "checks":  [
                   {
                       "name":  "frontend config uses same-origin API",
                       "passed":  true,
                       "detail":  "window.__UNEXAMINE_API_BASE_URL__ = \u0027\u0027;"
                   },
                   {
                       "name":  "nginx proxies /api to backend 9999",
                       "passed":  true,
                       "detail":  "nginx/unexamine.conf"
                   },
                   {
                       "name":  "nginx proxies /openapi to backend 9999",
                       "passed":  true,
                       "detail":  "nginx/unexamine.conf"
                   },
                   {
                       "name":  "redis tcp reachable",
                       "passed":  true,
                       "detail":  "192.168.0.211:6379"
                   },
                   {
                       "name":  "deployed frontend matches release assets",
                       "passed":  true,
                       "detail":  "release=[/assets/index-B5pUhLMV.css, /assets/index-W9bu10bH.js], deployed=[/assets/index-B5pUhLMV.css, /assets/index-W9bu10bH.js]"
                   },
                   {
                       "name":  "backend health all UP",
                       "passed":  true,
                       "detail":  "status=UP, database=UP, schema=UP, redis=UP, redisError="
                   },
                   {
                       "name":  "admin login succeeds",
                       "passed":  true,
                       "detail":  "requestId=req_b27b5987-c424-4c69-99c4-1a5e9fd94e94, traceId=trc_fadb2d0a-9bbd-4143-80a2-9782bf3986f7"
                   }
               ]
}
