{
    "status":  "PASS",
    "productStatus":  "R77_ACCEPTED_AS_DIAGNOSTIC_ENGINEERING_EVIDENCE_ONLY",
    "task":  "REC-P0-077",
    "generatedAt":  "2026-07-06T15:37:32.0357982+08:00",
    "baseUrl":  "http://127.0.0.1:18131",
    "userSignoff":  false,
    "coverage":  {
                     "totalRows":  45,
                     "requiredCount":  43,
                     "missingCount":  0,
                     "notClosedCount":  45,
                     "promotedToProven":  0
                 },
    "frameworkAuditStatus":  "PASS",
    "staticAuditStatus":  "PASS",
    "staticBlockerCount":  0,
    "staticWarningCount":  0,
    "residualEvidence":  [
                             {
                                 "id":  "R70",
                                 "path":  "docs/evidence/recovery/r70-no-code-configuration-residual-depth-result.json",
                                 "status":  "PASS",
                                 "productStatus":  "PARTIAL_ENGINEERING_EVIDENCE_ONLY",
                                 "userSignoff":  false,
                                 "browserResultCount":  10,
                                 "browserOverflowCount":  0,
                                 "browserBlockerCount":  0
                             },
                             {
                                 "id":  "R71",
                                 "path":  "docs/evidence/recovery/r71-no-code-frontend-binding-and-hierarchy-residual-result.json",
                                 "status":  "PASS",
                                 "productStatus":  "PARTIAL_ENGINEERING_EVIDENCE_ONLY",
                                 "userSignoff":  false,
                                 "browserResultCount":  5,
                                 "browserOverflowCount":  0,
                                 "browserBlockerCount":  0
                             },
                             {
                                 "id":  "R72",
                                 "path":  "docs/evidence/recovery/r72-runtime-file-import-export-error-state-residual-result.json",
                                 "status":  "PASS",
                                 "productStatus":  "",
                                 "userSignoff":  false,
                                 "browserResultCount":  10,
                                 "browserOverflowCount":  0,
                                 "browserBlockerCount":  0
                             },
                             {
                                 "id":  "R73",
                                 "path":  "docs/evidence/recovery/r73-workflow-todo-message-error-state-residual-result.json",
                                 "status":  "PASS",
                                 "productStatus":  "R73_ACCEPTED_AS_DEPLOYED_ENGINEERING_EVIDENCE_ONLY",
                                 "userSignoff":  false,
                                 "browserResultCount":  8,
                                 "browserOverflowCount":  0,
                                 "browserBlockerCount":  0
                             },
                             {
                                 "id":  "R74",
                                 "path":  "docs/evidence/recovery/r74-openapi-ai-external-service-error-state-residual-result.json",
                                 "status":  "PASS",
                                 "productStatus":  "R74_ACCEPTED_AS_DEPLOYED_ENGINEERING_EVIDENCE_ONLY",
                                 "userSignoff":  false,
                                 "browserResultCount":  6,
                                 "browserOverflowCount":  0,
                                 "browserBlockerCount":  0
                             },
                             {
                                 "id":  "R75",
                                 "path":  "docs/evidence/recovery/r75-operations-logs-release-error-state-residual-result.json",
                                 "status":  "PASS",
                                 "productStatus":  "R75_ACCEPTED_AS_DEPLOYED_ENGINEERING_EVIDENCE_ONLY",
                                 "userSignoff":  false,
                                 "browserResultCount":  6,
                                 "browserOverflowCount":  0,
                                 "browserBlockerCount":  0
                             },
                             {
                                 "id":  "R76",
                                 "path":  "docs/evidence/recovery/r76-auth-shell-entry-role-flow-residual-result.json",
                                 "status":  "PASS",
                                 "productStatus":  "R76_ACCEPTED_AS_ENGINEERING_EVIDENCE_ONLY",
                                 "userSignoff":  false,
                                 "browserResultCount":  null,
                                 "browserOverflowCount":  null,
                                 "browserBlockerCount":  null
                             }
                         ],
    "nextGap":  "Final candidate refresh found all requirement rows still partial because user signoff is false and the coverage ledger has not promoted rows to PROVEN. Next execution should choose the largest remaining PARTIAL row group from final-requirement-gap-report after reviewing the refreshed matrix.",
    "checks":  [
                   {
                       "name":  "fresh residual evidence exists for r70",
                       "passed":  true,
                       "detail":  "D:\\workspace\\01_project\\snow\\cursor\\examine2\\docs\\evidence\\recovery\\r70-no-code-configuration-residual-depth-result.json"
                   },
                   {
                       "name":  "fresh residual evidence exists for r71",
                       "passed":  true,
                       "detail":  "D:\\workspace\\01_project\\snow\\cursor\\examine2\\docs\\evidence\\recovery\\r71-no-code-frontend-binding-and-hierarchy-residual-result.json"
                   },
                   {
                       "name":  "fresh residual evidence exists for r72",
                       "passed":  true,
                       "detail":  "D:\\workspace\\01_project\\snow\\cursor\\examine2\\docs\\evidence\\recovery\\r72-runtime-file-import-export-error-state-residual-result.json"
                   },
                   {
                       "name":  "fresh residual evidence exists for r73",
                       "passed":  true,
                       "detail":  "D:\\workspace\\01_project\\snow\\cursor\\examine2\\docs\\evidence\\recovery\\r73-workflow-todo-message-error-state-residual-result.json"
                   },
                   {
                       "name":  "fresh residual evidence exists for r74",
                       "passed":  true,
                       "detail":  "D:\\workspace\\01_project\\snow\\cursor\\examine2\\docs\\evidence\\recovery\\r74-openapi-ai-external-service-error-state-residual-result.json"
                   },
                   {
                       "name":  "fresh residual evidence exists for r75",
                       "passed":  true,
                       "detail":  "D:\\workspace\\01_project\\snow\\cursor\\examine2\\docs\\evidence\\recovery\\r75-operations-logs-release-error-state-residual-result.json"
                   },
                   {
                       "name":  "fresh residual evidence exists for r76",
                       "passed":  true,
                       "detail":  "D:\\workspace\\01_project\\snow\\cursor\\examine2\\docs\\evidence\\recovery\\r76-auth-shell-entry-role-flow-residual-result.json"
                   },
                   {
                       "name":  "framework audit passed",
                       "passed":  true,
                       "detail":  "status=PASS"
                   },
                   {
                       "name":  "static usability audit passed without blockers",
                       "passed":  true,
                       "detail":  "status=PASS, blockers=0, warnings=0"
                   },
                   {
                       "name":  "coverage audit remains honest and not final closed",
                       "passed":  true,
                       "detail":  "notClosed=45, userSignoff=False"
                   },
                   {
                       "name":  "gap report still exposes open final requirement rows",
                       "passed":  true,
                       "detail":  "gapReportLength=8798"
                   },
                   {
                       "name":  "all residual evidence R70-R76 passed",
                       "passed":  true,
                       "detail":  ""
                   },
                   {
                       "name":  "residual evidence does not claim user signoff",
                       "passed":  true,
                       "detail":  ""
                   }
               ],
    "childResults":  [
                         {
                             "name":  "final-goal-framework-audit",
                             "exitCode":  0,
                             "logFile":  "D:\\workspace\\01_project\\snow\\cursor\\examine2\\docs\\evidence\\recovery\\screenshots\\r77-final-requirement-candidate-refresh-after-residual\\final-goal-framework-audit.log"
                         },
                         {
                             "name":  "final-usability-static-audit",
                             "exitCode":  0,
                             "logFile":  "D:\\workspace\\01_project\\snow\\cursor\\examine2\\docs\\evidence\\recovery\\screenshots\\r77-final-requirement-candidate-refresh-after-residual\\final-usability-static-audit.log"
                         },
                         {
                             "name":  "final-requirement-coverage-audit",
                             "exitCode":  1,
                             "logFile":  "D:\\workspace\\01_project\\snow\\cursor\\examine2\\docs\\evidence\\recovery\\screenshots\\r77-final-requirement-candidate-refresh-after-residual\\final-requirement-coverage-audit.log"
                         },
                         {
                             "name":  "final-requirement-gap-report",
                             "exitCode":  0,
                             "logFile":  "D:\\workspace\\01_project\\snow\\cursor\\examine2\\docs\\evidence\\recovery\\screenshots\\r77-final-requirement-candidate-refresh-after-residual\\final-requirement-gap-report.log"
                         },
                         {
                             "name":  "verify-release",
                             "exitCode":  0,
                             "logFile":  "D:\\workspace\\01_project\\snow\\cursor\\examine2\\docs\\evidence\\recovery\\screenshots\\r77-final-requirement-candidate-refresh-after-residual\\verify-release.log"
                         }
                     ],
    "accepted":  true
}
