{
    "status":  "PASS",
    "baseUrl":  "http://127.0.0.1:18131",
    "releaseDir":  "D:\\workspace\\01_project\\snow\\cursor\\examine2\\release\\unexamine-0.0.1-SNAPSHOT",
    "checks":  [
                   {
                       "name":  "frontend config uses same-origin API",
                       "passed":  true,
                       "detail":  "window.__UNEXAMINE_API_BASE_URL__ = \u0027\u0027;"
                   },
                   {
                       "name":  "nginx proxies /api to backend 9999",
                       "passed":  true,
                       "detail":  "nginx/unexamine.conf"
                   },
                   {
                       "name":  "nginx proxies /openapi to backend 9999",
                       "passed":  true,
                       "detail":  "nginx/unexamine.conf"
                   },
                   {
                       "name":  "redis tcp reachable",
                       "passed":  true,
                       "detail":  "192.168.0.211:6379"
                   },
                   {
                       "name":  "deployed frontend matches release assets",
                       "passed":  true,
                       "detail":  "release=[/assets/index-B1rdGYHk.js, /assets/index-gBlxOvwk.css], deployed=[/assets/index-B1rdGYHk.js, /assets/index-gBlxOvwk.css]"
                   },
                   {
                       "name":  "backend health all UP",
                       "passed":  true,
                       "detail":  "status=UP, database=UP, schema=UP, redis=UP, redisError="
                   },
                   {
                       "name":  "admin login succeeds",
                       "passed":  true,
                       "detail":  "requestId=req_f85c7cc3-d366-48e9-9e81-f45986ed8475, traceId=trc_73e77de4-8d51-4baf-97d0-ed3d741715de"
                   }
               ]
}
