{
    "status":  "PASS",
    "baseUrl":  "http://127.0.0.1:18131",
    "releaseDir":  "D:\\workspace\\01_project\\snow\\cursor\\examine2\\release\\unexamine-0.0.1-SNAPSHOT",
    "checks":  [
                   {
                       "name":  "frontend config uses same-origin API",
                       "passed":  true,
                       "detail":  "window.__UNEXAMINE_API_BASE_URL__ = \u0027\u0027;"
                   },
                   {
                       "name":  "nginx proxies /api to backend 9999",
                       "passed":  true,
                       "detail":  "nginx/unexamine.conf"
                   },
                   {
                       "name":  "nginx proxies /openapi to backend 9999",
                       "passed":  true,
                       "detail":  "nginx/unexamine.conf"
                   },
                   {
                       "name":  "redis tcp reachable",
                       "passed":  true,
                       "detail":  "192.168.0.211:6379"
                   },
                   {
                       "name":  "deployed frontend matches release assets",
                       "passed":  true,
                       "detail":  "release=[/assets/index-BduYNYz-.css, /assets/index-BnZhqLS7.js], deployed=[/assets/index-BduYNYz-.css, /assets/index-BnZhqLS7.js]"
                   },
                   {
                       "name":  "backend health all UP",
                       "passed":  true,
                       "detail":  "status=UP, database=UP, schema=UP, redis=UP, redisError="
                   },
                   {
                       "name":  "admin login succeeds",
                       "passed":  true,
                       "detail":  "requestId=req_13e14686-2b12-4f97-9fc3-916ad147d5e1, traceId=trc_b2069f10-176f-4e2b-95f1-1d702a545922"
                   }
               ]
}
