2026-07-07 13:30:46.379: [INFO] VisibilityChanged: 0
2026-07-07 13:30:46.409: [INFO] RecordSyncInitDuration has_sync_been_enabled: 0 state: 0
2026-07-07 13:30:46.410: [INFO] RecordSyncInitDuration has_sync_been_enabled: 0 state: 0
2026-07-07 13:30:46.411: [INFO] RecordSyncInitDuration has_sync_been_enabled: 0 state: 0
2026-07-07 13:30:46.412: [INFO] RecordSyncInitDuration has_sync_been_enabled: 0 state: 0
2026-07-07 13:30:46.413: [INFO] RecordSyncInitDuration has_sync_been_enabled: 0 state: 0
2026-07-07 13:30:46.414: [INFO] RecordSyncInitDuration has_sync_been_enabled: 0 state: 0
2026-07-07 13:30:46.415: [INFO] RecordSyncInitDuration has_sync_been_enabled: 0 state: 0
2026-07-07 13:30:46.416: [INFO] RecordSyncInitDuration has_sync_been_enabled: 0 state: 0
2026-07-07 13:30:46.417: [INFO] RecordSyncInitDuration has_sync_been_enabled: 0 state: 0
2026-07-07 13:30:46.419: [INFO] RecordSyncInitDuration has_sync_been_enabled: 0 state: 0
2026-07-07 13:30:46.420: [INFO] RecordSyncInitDuration has_sync_been_enabled: 0 state: 0
2026-07-07 13:30:46.437: [INFO] BookmarkModelLoaded, ids_reassigned: 0
2026-07-07 13:30:46.437: [INFO] OnDoneLoading sync enabled: 0
2026-07-07 13:30:46.493: [INFO] RecordSyncInitDuration has_sync_been_enabled: 0 state: 0
2026-07-07 13:30:50.061: [INFO] BookmarkNodeAdded, ABU: 0
2026-07-07 13:30:50.062: [INFO] BookmarkNodeAdded, ABU: 0
2026-07-07 13:30:50.063: [INFO] BookmarkNodeAdded, ABU: 0
2026-07-07 13:30:50.064: [INFO] BookmarkNodeAdded, ABU: 0
2026-07-07 13:30:50.065: [INFO] BookmarkNodeAdded, ABU: 0
2026-07-07 13:30:50.066: [INFO] BookmarkNodeAdded, ABU: 0
2026-07-07 13:30:50.067: [INFO] BookmarkNodeAdded, ABU: 0
2026-07-07 13:30:50.068: [INFO] BookmarkNodeAdded, ABU: 0
2026-07-07 13:30:50.069: [INFO] BookmarkNodeAdded, ABU: 0
2026-07-07 13:30:50.070: [INFO] BookmarkNodeAdded, ABU: 0
