2026-07-07 12:24:25.345: [INFO] VisibilityChanged: 0
2026-07-07 12:24:25.374: [INFO] RecordSyncInitDuration has_sync_been_enabled: 0 state: 0
2026-07-07 12:24:25.375: [INFO] RecordSyncInitDuration has_sync_been_enabled: 0 state: 0
2026-07-07 12:24:25.376: [INFO] RecordSyncInitDuration has_sync_been_enabled: 0 state: 0
2026-07-07 12:24:25.377: [INFO] RecordSyncInitDuration has_sync_been_enabled: 0 state: 0
2026-07-07 12:24:25.378: [INFO] RecordSyncInitDuration has_sync_been_enabled: 0 state: 0
2026-07-07 12:24:25.379: [INFO] RecordSyncInitDuration has_sync_been_enabled: 0 state: 0
2026-07-07 12:24:25.380: [INFO] RecordSyncInitDuration has_sync_been_enabled: 0 state: 0
2026-07-07 12:24:25.381: [INFO] RecordSyncInitDuration has_sync_been_enabled: 0 state: 0
2026-07-07 12:24:25.382: [INFO] RecordSyncInitDuration has_sync_been_enabled: 0 state: 0
2026-07-07 12:24:25.384: [INFO] RecordSyncInitDuration has_sync_been_enabled: 0 state: 0
2026-07-07 12:24:25.385: [INFO] RecordSyncInitDuration has_sync_been_enabled: 0 state: 0
2026-07-07 12:24:25.400: [INFO] BookmarkModelLoaded, ids_reassigned: 0
2026-07-07 12:24:25.400: [INFO] OnDoneLoading sync enabled: 0
2026-07-07 12:24:25.405: [INFO] RecordSyncInitDuration has_sync_been_enabled: 0 state: 0
2026-07-07 12:24:29.077: [INFO] BookmarkNodeAdded, ABU: 0
2026-07-07 12:24:29.078: [INFO] BookmarkNodeAdded, ABU: 0
2026-07-07 12:24:29.079: [INFO] BookmarkNodeAdded, ABU: 0
2026-07-07 12:24:29.080: [INFO] BookmarkNodeAdded, ABU: 0
2026-07-07 12:24:29.081: [INFO] BookmarkNodeAdded, ABU: 0
2026-07-07 12:24:29.082: [INFO] BookmarkNodeAdded, ABU: 0
2026-07-07 12:24:29.083: [INFO] BookmarkNodeAdded, ABU: 0
2026-07-07 12:24:29.084: [INFO] BookmarkNodeAdded, ABU: 0
2026-07-07 12:24:29.085: [INFO] BookmarkNodeAdded, ABU: 0
2026-07-07 12:24:29.086: [INFO] BookmarkNodeAdded, ABU: 0
