2026-07-07 13:25:49.585: [INFO] VisibilityChanged: 0
2026-07-07 13:25:49.610: [INFO] RecordSyncInitDuration has_sync_been_enabled: 0 state: 0
2026-07-07 13:25:49.611: [INFO] RecordSyncInitDuration has_sync_been_enabled: 0 state: 0
2026-07-07 13:25:49.613: [INFO] RecordSyncInitDuration has_sync_been_enabled: 0 state: 0
2026-07-07 13:25:49.614: [INFO] RecordSyncInitDuration has_sync_been_enabled: 0 state: 0
2026-07-07 13:25:49.615: [INFO] RecordSyncInitDuration has_sync_been_enabled: 0 state: 0
2026-07-07 13:25:49.617: [INFO] RecordSyncInitDuration has_sync_been_enabled: 0 state: 0
2026-07-07 13:25:49.619: [INFO] RecordSyncInitDuration has_sync_been_enabled: 0 state: 0
2026-07-07 13:25:49.620: [INFO] RecordSyncInitDuration has_sync_been_enabled: 0 state: 0
2026-07-07 13:25:49.621: [INFO] RecordSyncInitDuration has_sync_been_enabled: 0 state: 0
2026-07-07 13:25:49.622: [INFO] RecordSyncInitDuration has_sync_been_enabled: 0 state: 0
2026-07-07 13:25:49.624: [INFO] RecordSyncInitDuration has_sync_been_enabled: 0 state: 0
2026-07-07 13:25:49.639: [INFO] BookmarkModelLoaded, ids_reassigned: 0
2026-07-07 13:25:49.639: [INFO] OnDoneLoading sync enabled: 0
2026-07-07 13:25:49.645: [INFO] RecordSyncInitDuration has_sync_been_enabled: 0 state: 0
2026-07-07 13:25:52.976: [INFO] BookmarkNodeAdded, ABU: 0
2026-07-07 13:25:52.977: [INFO] BookmarkNodeAdded, ABU: 0
2026-07-07 13:25:52.978: [INFO] BookmarkNodeAdded, ABU: 0
2026-07-07 13:25:52.979: [INFO] BookmarkNodeAdded, ABU: 0
2026-07-07 13:25:52.980: [INFO] BookmarkNodeAdded, ABU: 0
2026-07-07 13:25:52.981: [INFO] BookmarkNodeAdded, ABU: 0
2026-07-07 13:25:52.982: [INFO] BookmarkNodeAdded, ABU: 0
2026-07-07 13:25:52.983: [INFO] BookmarkNodeAdded, ABU: 0
2026-07-07 13:25:52.985: [INFO] BookmarkNodeAdded, ABU: 0
2026-07-07 13:25:52.986: [INFO] BookmarkNodeAdded, ABU: 0
