2026-07-07 13:41:07.395: [INFO] VisibilityChanged: 0
2026-07-07 13:41:07.424: [INFO] RecordSyncInitDuration has_sync_been_enabled: 0 state: 0
2026-07-07 13:41:07.425: [INFO] RecordSyncInitDuration has_sync_been_enabled: 0 state: 0
2026-07-07 13:41:07.426: [INFO] RecordSyncInitDuration has_sync_been_enabled: 0 state: 0
2026-07-07 13:41:07.428: [INFO] RecordSyncInitDuration has_sync_been_enabled: 0 state: 0
2026-07-07 13:41:07.428: [INFO] RecordSyncInitDuration has_sync_been_enabled: 0 state: 0
2026-07-07 13:41:07.429: [INFO] RecordSyncInitDuration has_sync_been_enabled: 0 state: 0
2026-07-07 13:41:07.431: [INFO] RecordSyncInitDuration has_sync_been_enabled: 0 state: 0
2026-07-07 13:41:07.432: [INFO] RecordSyncInitDuration has_sync_been_enabled: 0 state: 0
2026-07-07 13:41:07.433: [INFO] RecordSyncInitDuration has_sync_been_enabled: 0 state: 0
2026-07-07 13:41:07.434: [INFO] RecordSyncInitDuration has_sync_been_enabled: 0 state: 0
2026-07-07 13:41:07.435: [INFO] RecordSyncInitDuration has_sync_been_enabled: 0 state: 0
2026-07-07 13:41:07.444: [INFO] BookmarkModelLoaded, ids_reassigned: 0
2026-07-07 13:41:07.444: [INFO] OnDoneLoading sync enabled: 0
2026-07-07 13:41:07.502: [INFO] RecordSyncInitDuration has_sync_been_enabled: 0 state: 0
2026-07-07 13:41:10.098: [INFO] BookmarkNodeAdded, ABU: 0
2026-07-07 13:41:10.099: [INFO] BookmarkNodeAdded, ABU: 0
2026-07-07 13:41:10.100: [INFO] BookmarkNodeAdded, ABU: 0
2026-07-07 13:41:10.101: [INFO] BookmarkNodeAdded, ABU: 0
2026-07-07 13:41:10.102: [INFO] BookmarkNodeAdded, ABU: 0
2026-07-07 13:41:10.103: [INFO] BookmarkNodeAdded, ABU: 0
2026-07-07 13:41:10.104: [INFO] BookmarkNodeAdded, ABU: 0
2026-07-07 13:41:10.105: [INFO] BookmarkNodeAdded, ABU: 0
2026-07-07 13:41:10.106: [INFO] BookmarkNodeAdded, ABU: 0
2026-07-07 13:41:10.107: [INFO] BookmarkNodeAdded, ABU: 0
