{
    "status":  "PASS",
    "task":  "REC-P0-043",
    "frc":  "FRC-1E Role-specific home and whole-path usability closure",
    "baseUrl":  "http://127.0.0.1:18131",
    "systemId":  "821",
    "moduleId":  "303",
    "resultPath":  "D:\\workspace\\01_project\\snow\\cursor\\examine2\\docs\\evidence\\recovery\\r43-role-home-whole-path-usability-result.json",
    "summaryPath":  "D:\\workspace\\01_project\\snow\\cursor\\examine2\\docs\\evidence\\recovery\\r43-role-home-whole-path-usability-2026-06-30.md",
    "evidenceDir":  "D:\\workspace\\01_project\\snow\\cursor\\examine2\\docs\\evidence\\recovery\\screenshots\\r43-role-home-whole-path-usability",
    "routeCount":  16,
    "resultCount":  32,
    "failureCount":  0,
    "warningCount":  0,
    "forbiddenCreateStatus":  403,
    "forbiddenAdminStatus":  403,
    "assetScripts":  [
                         "http://127.0.0.1:18131/assets/index-W9bu10bH.js"
                     ],
    "cleanup":  [
                    "821:DELETE",
                    "822:DELETE"
                ]
}
