{
    "status":  "PASS",
    "task":  "REC-P0-046",
    "frc":  "FRC-1F Page definition, component catalog, and home/runtime surface closure",
    "baseUrl":  "http://127.0.0.1:18131",
    "systemId":  "823",
    "moduleId":  "304",
    "homeTitle":  "R46 Home Surface 0701150849_239a5a",
    "homeAdminWidgetCount":  4,
    "homePublishCheckPassed":  true,
    "runtimeRoleId":  "1177",
    "rolePermissionVersion":  "perm_1782889740446_trc3f23d",
    "groupPublishedVersion":  "MODULE_GROUP_v1782889741224",
    "pageCode":  "main",
    "savedPageStatus":  "DRAFT",
    "pageReadbackCount":  1,
    "pagePublishCheckPassed":  true,
    "pagePublishedVersion":  "PAGE_v1782889740902",
    "adminSchemaComponentCount":  5,
    "adminSchemaFieldCount":  7,
    "normalRuntimePageVersion":  "PAGE_v1782889740902",
    "normalRuntimeComponentCodes":  [
                                        "toolbar",
                                        "list",
                                        "detail",
                                        "chart"
                                    ],
    "normalRuntimeFieldCodes":  [
                                    "title",
                                    "status",
                                    "ownerDept",
                                    "publicName",
                                    "statusText",
                                    "amountValue"
                                ],
    "hiddenComponentLeaked":  false,
    "hiddenFieldLeaked":  false,
    "forbiddenHomeWriteStatus":  403,
    "forbiddenPageWriteStatus":  403,
    "browserResultCount":  10,
    "browserOverflowCount":  0,
    "browserBlockerCount":  0,
    "browserAuditPath":  "D:\\workspace\\01_project\\snow\\cursor\\examine2\\docs\\evidence\\recovery\\screenshots\\r46-page-surface\\page-surface-browser-audit.json",
    "evidenceDir":  "D:\\workspace\\01_project\\snow\\cursor\\examine2\\docs\\evidence\\recovery\\screenshots\\r46-page-surface",
    "cleanup":  [
                    "823:DELETE",
                    "824:DELETE"
                ]
}
