2026-07-07 12:34:54.236: [INFO] VisibilityChanged: 0
2026-07-07 12:34:54.259: [INFO] RecordSyncInitDuration has_sync_been_enabled: 0 state: 0
2026-07-07 12:34:54.260: [INFO] RecordSyncInitDuration has_sync_been_enabled: 0 state: 0
2026-07-07 12:34:54.261: [INFO] RecordSyncInitDuration has_sync_been_enabled: 0 state: 0
2026-07-07 12:34:54.262: [INFO] RecordSyncInitDuration has_sync_been_enabled: 0 state: 0
2026-07-07 12:34:54.263: [INFO] RecordSyncInitDuration has_sync_been_enabled: 0 state: 0
2026-07-07 12:34:54.264: [INFO] RecordSyncInitDuration has_sync_been_enabled: 0 state: 0
2026-07-07 12:34:54.265: [INFO] RecordSyncInitDuration has_sync_been_enabled: 0 state: 0
2026-07-07 12:34:54.266: [INFO] RecordSyncInitDuration has_sync_been_enabled: 0 state: 0
2026-07-07 12:34:54.267: [INFO] RecordSyncInitDuration has_sync_been_enabled: 0 state: 0
2026-07-07 12:34:54.269: [INFO] RecordSyncInitDuration has_sync_been_enabled: 0 state: 0
2026-07-07 12:34:54.270: [INFO] RecordSyncInitDuration has_sync_been_enabled: 0 state: 0
2026-07-07 12:34:54.291: [INFO] BookmarkModelLoaded, ids_reassigned: 0
2026-07-07 12:34:54.291: [INFO] OnDoneLoading sync enabled: 0
2026-07-07 12:34:54.297: [INFO] RecordSyncInitDuration has_sync_been_enabled: 0 state: 0
2026-07-07 12:34:57.839: [INFO] BookmarkNodeAdded, ABU: 0
2026-07-07 12:34:57.840: [INFO] BookmarkNodeAdded, ABU: 0
2026-07-07 12:34:57.841: [INFO] BookmarkNodeAdded, ABU: 0
2026-07-07 12:34:57.842: [INFO] BookmarkNodeAdded, ABU: 0
2026-07-07 12:34:57.843: [INFO] BookmarkNodeAdded, ABU: 0
2026-07-07 12:34:57.844: [INFO] BookmarkNodeAdded, ABU: 0
2026-07-07 12:34:57.845: [INFO] BookmarkNodeAdded, ABU: 0
2026-07-07 12:34:57.846: [INFO] BookmarkNodeAdded, ABU: 0
2026-07-07 12:34:57.847: [INFO] BookmarkNodeAdded, ABU: 0
2026-07-07 12:34:57.847: [INFO] BookmarkNodeAdded, ABU: 0
