{
    "status":  "PASS",
    "task":  "REC-P0-047",
    "frc":  "FRC-3B Runtime daily-use record, file, import/export, and state closure",
    "baseUrl":  "http://127.0.0.1:18131",
    "systemId":  "862",
    "moduleId":  "330",
    "runtimeRoleId":  "1244",
    "readonlyRoleId":  "1245",
    "groupPublishedVersion":  "MODULE_GROUP_v1782892959158",
    "emptySearchTotal":  0,
    "recordId":  "422",
    "uploadedFileId":  "file_fdb4f2ac_1782892960903",
    "uploadedFileName":  "r47-runtime-attachment-0701160228_6b8f1e.txt",
    "detailAttachmentCount":  4,
    "detailHistoryCount":  2,
    "importFileId":  "file_dcddf7c9_1782892961492",
    "importPrecheckId":  "task_import_precheck_e3931b17",
    "importValidRows":  2,
    "importTaskId":  "task_import_confirm_6078aee0",
    "importTaskStatus":  "SUCCESS",
    "importInsertedCount":  2,
    "exportTaskId":  "task_runtime_record_export_c46bf0ea",
    "exportTaskStatus":  "SUCCESS",
    "exportResultFileId":  "file_export_result_c46bf0ea",
    "runtimeSearchTotal":  3,
    "hiddenFieldLeaked":  false,
    "forbiddenCreateStatus":  403,
    "forbiddenAdminStatus":  403,
    "browserResultCount":  10,
    "browserOverflowCount":  0,
    "browserBlockerCount":  0,
    "browserAuditPath":  "D:\\workspace\\01_project\\snow\\cursor\\examine2\\docs\\evidence\\recovery\\screenshots\\r47-runtime-daily-use\\runtime-daily-use-browser-audit.json",
    "evidenceDir":  "D:\\workspace\\01_project\\snow\\cursor\\examine2\\docs\\evidence\\recovery\\screenshots\\r47-runtime-daily-use",
    "cleanup":  [
                    "862:DELETE",
                    "863:DELETE",
                    "864:DELETE"
                ]
}
