{
    "status":  "PASS",
    "task":  "REC-P0-048",
    "frc":  "FRC-4B Workflow, approval, todo/message, and flow surface closure",
    "baseUrl":  "http://127.0.0.1:18131",
    "systemId":  "865",
    "tenantId":  "897",
    "moduleId":  "331",
    "recordId":  "425",
    "flowId":  "130",
    "flowName":  "R3 Approval 0701160305303_1073f4",
    "flowPublishStatus":  "PUBLISHED",
    "flowCurrentVersion":  "flow_v1782892995097",
    "publishCheckPassed":  true,
    "publishCheckImpactCount":  2,
    "simulationPassed":  true,
    "simulationRuntimeInstanceCreated":  false,
    "simulationStepCount":  2,
    "requesterPendingTodoTotal":  0,
    "approverPendingTodoTotal":  1,
    "approverMessageTotal":  1,
    "pendingTodoId":  "76",
    "pendingMessageId":  "78",
    "pendingTaskId":  "76",
    "requesterApproveDeniedStatus":  403,
    "normalAdminDeniedStatus":  403,
    "todoActionStatus":  "HANDLED",
    "todoActionTraceId":  "trc_8b33d84c-1b37-4112-89d1-967203ba594a",
    "duplicateTodoActionStatus":  "HANDLED",
    "duplicateTodoActionTraceId":  "trc_8b33d84c-1b37-4112-89d1-967203ba594a",
    "detailTerminalStatus":  "APPROVED",
    "approvalSidebarStatus":  "APPROVED",
    "pendingAfterApproveTotal":  0,
    "handledAfterApproveTotal":  1,
    "browserBeforeResultCount":  8,
    "browserAfterResultCount":  6,
    "browserOverflowCount":  0,
    "browserBlockerCount":  0,
    "browserAuditPath":  "D:\\workspace\\01_project\\snow\\cursor\\examine2\\docs\\evidence\\recovery\\screenshots\\r48-workflow-message-flow\\workflow-message-flow-browser-audit.json",
    "evidenceDir":  "D:\\workspace\\01_project\\snow\\cursor\\examine2\\docs\\evidence\\recovery\\screenshots\\r48-workflow-message-flow",
    "cleanup":  [
                    "865:DELETE",
                    "866:DELETE",
                    "867:DELETE"
                ]
}
