2026-07-07 12:16:44.731: [INFO] VisibilityChanged: 0
2026-07-07 12:16:44.765: [INFO] RecordSyncInitDuration has_sync_been_enabled: 0 state: 0
2026-07-07 12:16:44.766: [INFO] RecordSyncInitDuration has_sync_been_enabled: 0 state: 0
2026-07-07 12:16:44.767: [INFO] RecordSyncInitDuration has_sync_been_enabled: 0 state: 0
2026-07-07 12:16:44.768: [INFO] RecordSyncInitDuration has_sync_been_enabled: 0 state: 0
2026-07-07 12:16:44.769: [INFO] RecordSyncInitDuration has_sync_been_enabled: 0 state: 0
2026-07-07 12:16:44.770: [INFO] RecordSyncInitDuration has_sync_been_enabled: 0 state: 0
2026-07-07 12:16:44.771: [INFO] RecordSyncInitDuration has_sync_been_enabled: 0 state: 0
2026-07-07 12:16:44.772: [INFO] RecordSyncInitDuration has_sync_been_enabled: 0 state: 0
2026-07-07 12:16:44.774: [INFO] RecordSyncInitDuration has_sync_been_enabled: 0 state: 0
2026-07-07 12:16:44.775: [INFO] RecordSyncInitDuration has_sync_been_enabled: 0 state: 0
2026-07-07 12:16:44.776: [INFO] RecordSyncInitDuration has_sync_been_enabled: 0 state: 0
2026-07-07 12:16:44.790: [INFO] BookmarkModelLoaded, ids_reassigned: 0
2026-07-07 12:16:44.790: [INFO] OnDoneLoading sync enabled: 0
2026-07-07 12:16:44.795: [INFO] RecordSyncInitDuration has_sync_been_enabled: 0 state: 0
2026-07-07 12:16:48.659: [INFO] BookmarkNodeAdded, ABU: 0
2026-07-07 12:16:48.660: [INFO] BookmarkNodeAdded, ABU: 0
2026-07-07 12:16:48.661: [INFO] BookmarkNodeAdded, ABU: 0
2026-07-07 12:16:48.662: [INFO] BookmarkNodeAdded, ABU: 0
2026-07-07 12:16:48.663: [INFO] BookmarkNodeAdded, ABU: 0
2026-07-07 12:16:48.664: [INFO] BookmarkNodeAdded, ABU: 0
2026-07-07 12:16:48.665: [INFO] BookmarkNodeAdded, ABU: 0
2026-07-07 12:16:48.666: [INFO] BookmarkNodeAdded, ABU: 0
2026-07-07 12:16:48.667: [INFO] BookmarkNodeAdded, ABU: 0
2026-07-07 12:16:48.668: [INFO] BookmarkNodeAdded, ABU: 0
