2026-07-07 13:31:47.404: [INFO] VisibilityChanged: 0
2026-07-07 13:31:47.440: [INFO] RecordSyncInitDuration has_sync_been_enabled: 0 state: 0
2026-07-07 13:31:47.441: [INFO] RecordSyncInitDuration has_sync_been_enabled: 0 state: 0
2026-07-07 13:31:47.442: [INFO] RecordSyncInitDuration has_sync_been_enabled: 0 state: 0
2026-07-07 13:31:47.443: [INFO] RecordSyncInitDuration has_sync_been_enabled: 0 state: 0
2026-07-07 13:31:47.444: [INFO] RecordSyncInitDuration has_sync_been_enabled: 0 state: 0
2026-07-07 13:31:47.445: [INFO] RecordSyncInitDuration has_sync_been_enabled: 0 state: 0
2026-07-07 13:31:47.446: [INFO] RecordSyncInitDuration has_sync_been_enabled: 0 state: 0
2026-07-07 13:31:47.447: [INFO] RecordSyncInitDuration has_sync_been_enabled: 0 state: 0
2026-07-07 13:31:47.448: [INFO] RecordSyncInitDuration has_sync_been_enabled: 0 state: 0
2026-07-07 13:31:47.449: [INFO] RecordSyncInitDuration has_sync_been_enabled: 0 state: 0
2026-07-07 13:31:47.450: [INFO] RecordSyncInitDuration has_sync_been_enabled: 0 state: 0
2026-07-07 13:31:47.471: [INFO] BookmarkModelLoaded, ids_reassigned: 0
2026-07-07 13:31:47.471: [INFO] OnDoneLoading sync enabled: 0
2026-07-07 13:31:47.473: [INFO] RecordSyncInitDuration has_sync_been_enabled: 0 state: 0
2026-07-07 13:31:50.956: [INFO] BookmarkNodeAdded, ABU: 0
2026-07-07 13:31:50.957: [INFO] BookmarkNodeAdded, ABU: 0
2026-07-07 13:31:50.958: [INFO] BookmarkNodeAdded, ABU: 0
2026-07-07 13:31:50.959: [INFO] BookmarkNodeAdded, ABU: 0
2026-07-07 13:31:50.960: [INFO] BookmarkNodeAdded, ABU: 0
2026-07-07 13:31:50.961: [INFO] BookmarkNodeAdded, ABU: 0
2026-07-07 13:31:50.962: [INFO] BookmarkNodeAdded, ABU: 0
2026-07-07 13:31:50.962: [INFO] BookmarkNodeAdded, ABU: 0
2026-07-07 13:31:50.963: [INFO] BookmarkNodeAdded, ABU: 0
2026-07-07 13:31:50.964: [INFO] BookmarkNodeAdded, ABU: 0
