2026-07-07 11:32:13.897: [INFO] VisibilityChanged: 0
2026-07-07 11:32:13.927: [INFO] RecordSyncInitDuration has_sync_been_enabled: 0 state: 0
2026-07-07 11:32:13.928: [INFO] RecordSyncInitDuration has_sync_been_enabled: 0 state: 0
2026-07-07 11:32:13.929: [INFO] RecordSyncInitDuration has_sync_been_enabled: 0 state: 0
2026-07-07 11:32:13.930: [INFO] RecordSyncInitDuration has_sync_been_enabled: 0 state: 0
2026-07-07 11:32:13.931: [INFO] RecordSyncInitDuration has_sync_been_enabled: 0 state: 0
2026-07-07 11:32:13.932: [INFO] RecordSyncInitDuration has_sync_been_enabled: 0 state: 0
2026-07-07 11:32:13.933: [INFO] RecordSyncInitDuration has_sync_been_enabled: 0 state: 0
2026-07-07 11:32:13.935: [INFO] RecordSyncInitDuration has_sync_been_enabled: 0 state: 0
2026-07-07 11:32:13.936: [INFO] RecordSyncInitDuration has_sync_been_enabled: 0 state: 0
2026-07-07 11:32:13.937: [INFO] RecordSyncInitDuration has_sync_been_enabled: 0 state: 0
2026-07-07 11:32:13.938: [INFO] RecordSyncInitDuration has_sync_been_enabled: 0 state: 0
2026-07-07 11:32:13.957: [INFO] BookmarkModelLoaded, ids_reassigned: 0
2026-07-07 11:32:13.957: [INFO] OnDoneLoading sync enabled: 0
2026-07-07 11:32:14.022: [INFO] RecordSyncInitDuration has_sync_been_enabled: 0 state: 0
2026-07-07 11:32:17.951: [INFO] BookmarkNodeAdded, ABU: 0
2026-07-07 11:32:17.952: [INFO] BookmarkNodeAdded, ABU: 0
2026-07-07 11:32:17.954: [INFO] BookmarkNodeAdded, ABU: 0
2026-07-07 11:32:17.955: [INFO] BookmarkNodeAdded, ABU: 0
2026-07-07 11:32:17.956: [INFO] BookmarkNodeAdded, ABU: 0
2026-07-07 11:32:17.957: [INFO] BookmarkNodeAdded, ABU: 0
2026-07-07 11:32:17.959: [INFO] BookmarkNodeAdded, ABU: 0
2026-07-07 11:32:17.960: [INFO] BookmarkNodeAdded, ABU: 0
2026-07-07 11:32:17.961: [INFO] BookmarkNodeAdded, ABU: 0
2026-07-07 11:32:17.962: [INFO] BookmarkNodeAdded, ABU: 0
